Component: Arm Compiler for Embedded 6.21 Tool: armlink [5ec1fa00]

==============================================================================

Section Cross References

    startup_stm32l552xx.o(STACK) refers (Special) to heapauxi.o(.text) for __use_two_region_memory
    startup_stm32l552xx.o(HEAP) refers (Special) to heapauxi.o(.text) for __use_two_region_memory
    startup_stm32l552xx.o(RESET) refers (Special) to heapauxi.o(.text) for __use_two_region_memory
    startup_stm32l552xx.o(RESET) refers to startup_stm32l552xx.o(STACK) for __initial_sp
    startup_stm32l552xx.o(RESET) refers to startup_stm32l552xx.o(.text) for Reset_Handler
    startup_stm32l552xx.o(RESET) refers to stm32l5xx_it.o(.text.NMI_Handler) for NMI_Handler
    startup_stm32l552xx.o(RESET) refers to stm32l5xx_it.o(.text.HardFault_Handler) for HardFault_Handler
    startup_stm32l552xx.o(RESET) refers to stm32l5xx_it.o(.text.MemManage_Handler) for MemManage_Handler
    startup_stm32l552xx.o(RESET) refers to stm32l5xx_it.o(.text.BusFault_Handler) for BusFault_Handler
    startup_stm32l552xx.o(RESET) refers to stm32l5xx_it.o(.text.UsageFault_Handler) for UsageFault_Handler
    startup_stm32l552xx.o(RESET) refers to stm32l5xx_it.o(.text.SVC_Handler) for SVC_Handler
    startup_stm32l552xx.o(RESET) refers to stm32l5xx_it.o(.text.DebugMon_Handler) for DebugMon_Handler
    startup_stm32l552xx.o(RESET) refers to stm32l5xx_it.o(.text.PendSV_Handler) for PendSV_Handler
    startup_stm32l552xx.o(RESET) refers to stm32l5xx_it.o(.text.SysTick_Handler) for SysTick_Handler
    startup_stm32l552xx.o(.text) refers (Special) to heapauxi.o(.text) for __use_two_region_memory
    startup_stm32l552xx.o(.text) refers to system_stm32l5xx.o(.text.SystemInit) for SystemInit
    startup_stm32l552xx.o(.text) refers to __main.o(!!!main) for __main
    startup_stm32l552xx.o(.text) refers to startup_stm32l552xx.o(HEAP) for Heap_Mem
    startup_stm32l552xx.o(.text) refers to startup_stm32l552xx.o(STACK) for Stack_Mem
    main.o(.text.main) refers to stm32l5xx_hal.o(.text.HAL_Init) for HAL_Init
    main.o(.text.main) refers to main.o(.text.SystemClock_Config) for SystemClock_Config
    main.o(.text.main) refers to main.o(.text.MX_GPIO_Init) for MX_GPIO_Init
    main.o(.text.main) refers to main.o(.text.MX_ICACHE_Init) for MX_ICACHE_Init
    main.o(.text.main) refers to main.o(.text.MX_LPUART1_UART_Init) for MX_LPUART1_UART_Init
    main.o(.text.main) refers to main.o(.text.MX_TIM5_Init) for MX_TIM5_Init
    main.o(.text.main) refers to dhrystone.o(.text.start_Test) for start_Test
    main.o(.ARM.exidx.text.main) refers to main.o(.text.main) for [Anonymous Symbol]
    main.o(.text.SystemClock_Config) refers to rt_memclr_w.o(.text) for __aeabi_memclr4
    main.o(.text.SystemClock_Config) refers to stm32l5xx_hal_pwr_ex.o(.text.HAL_PWREx_ControlVoltageScaling) for HAL_PWREx_ControlVoltageScaling
    main.o(.text.SystemClock_Config) refers to stm32l5xx_hal_rcc.o(.text.HAL_RCC_OscConfig) for HAL_RCC_OscConfig
    main.o(.text.SystemClock_Config) refers to stm32l5xx_hal_rcc.o(.text.HAL_RCC_ClockConfig) for HAL_RCC_ClockConfig
    main.o(.text.SystemClock_Config) refers to main.o(.text.Error_Handler) for Error_Handler
    main.o(.ARM.exidx.text.SystemClock_Config) refers to main.o(.text.SystemClock_Config) for [Anonymous Symbol]
    main.o(.text.MX_GPIO_Init) refers to stm32l5xx_hal_pwr_ex.o(.text.HAL_PWREx_EnableVddIO2) for HAL_PWREx_EnableVddIO2
    main.o(.ARM.exidx.text.MX_GPIO_Init) refers to main.o(.text.MX_GPIO_Init) for [Anonymous Symbol]
    main.o(.text.MX_ICACHE_Init) refers to stm32l5xx_hal_icache.o(.text.HAL_ICACHE_ConfigAssociativityMode) for HAL_ICACHE_ConfigAssociativityMode
    main.o(.text.MX_ICACHE_Init) refers to stm32l5xx_hal_icache.o(.text.HAL_ICACHE_Enable) for HAL_ICACHE_Enable
    main.o(.text.MX_ICACHE_Init) refers to main.o(.text.Error_Handler) for Error_Handler
    main.o(.ARM.exidx.text.MX_ICACHE_Init) refers to main.o(.text.MX_ICACHE_Init) for [Anonymous Symbol]
    main.o(.text.MX_LPUART1_UART_Init) refers to main.o(.bss.hlpuart1) for hlpuart1
    main.o(.text.MX_LPUART1_UART_Init) refers to stm32l5xx_hal_uart.o(.text.HAL_UART_Init) for HAL_UART_Init
    main.o(.text.MX_LPUART1_UART_Init) refers to stm32l5xx_hal_uart_ex.o(.text.HAL_UARTEx_SetTxFifoThreshold) for HAL_UARTEx_SetTxFifoThreshold
    main.o(.text.MX_LPUART1_UART_Init) refers to stm32l5xx_hal_uart_ex.o(.text.HAL_UARTEx_SetRxFifoThreshold) for HAL_UARTEx_SetRxFifoThreshold
    main.o(.text.MX_LPUART1_UART_Init) refers to stm32l5xx_hal_uart_ex.o(.text.HAL_UARTEx_DisableFifoMode) for HAL_UARTEx_DisableFifoMode
    main.o(.text.MX_LPUART1_UART_Init) refers to main.o(.text.Error_Handler) for Error_Handler
    main.o(.ARM.exidx.text.MX_LPUART1_UART_Init) refers to main.o(.text.MX_LPUART1_UART_Init) for [Anonymous Symbol]
    main.o(.text.MX_TIM5_Init) refers to main.o(.bss.htim5) for htim5
[...]
    tenpwrs_x                                0x080059e0   Data          60  bigflt0.o(.constdata)
    .constdata                               0x080059e0   Section      148  bigflt0.o(.constdata)
    tenpwrs_i                                0x08005a1c   Data          64  bigflt0.o(.constdata)
    .Lswitch.table.UART_SetConfig.5          0x08005ae4   Data          16  stm32l5xx_hal_uart.o(.rodata.cst16)
    .L.str.7                                 0x08005af4   Data          32  dhrystone.o(.rodata.cst32)
    UARTEx_SetNbDataToProcess.numerator      0x08005b14   Data           8  stm32l5xx_hal_uart_ex.o(.rodata.cst8)
    [Anonymous Symbol]                       0x08005b14   Section        0  stm32l5xx_hal_uart_ex.o(.rodata.cst8)
    UARTEx_SetNbDataToProcess.denominator    0x08005b1c   Data           8  stm32l5xx_hal_uart_ex.o(.rodata.cst8)
    .L.str.9                                 0x08005b24   Data          18  dhrystone.o(.rodata.str1.1)
    [Anonymous Symbol]                       0x08005b24   Section        0  dhrystone.o(.rodata.str1.1)
    .L.str.2                                 0x08005b36   Data          52  dhrystone.o(.rodata.str1.1)
    .L.str.10                                0x08005b6a   Data          56  dhrystone.o(.rodata.str1.1)
    .L.str.39                                0x08005ba2   Data          55  dhrystone.o(.rodata.str1.1)
    .L.str.43                                0x08005bd9   Data          69  dhrystone.o(.rodata.str1.1)
    .L.str.46                                0x08005c1e   Data          37  dhrystone.o(.rodata.str1.1)
    .L.str.45                                0x08005c43   Data          53  dhrystone.o(.rodata.str1.1)
    .L.str.47                                0x08005c78   Data          41  dhrystone.o(.rodata.str1.1)
    .L.str.44                                0x08005ca1   Data          53  dhrystone.o(.rodata.str1.1)
    .L.str.42                                0x08005cd6   Data          55  dhrystone.o(.rodata.str1.1)
    .L.str.20                                0x08005d0d   Data          55  dhrystone.o(.rodata.str1.1)
    .L.str.27                                0x08005d44   Data          71  dhrystone.o(.rodata.str1.1)
    .L.str.31                                0x08005d8b   Data          54  dhrystone.o(.rodata.str1.1)
    .L.str.37                                0x08005dc1   Data          53  dhrystone.o(.rodata.str1.1)
    .L.str.15                                0x08005df6   Data          26  dhrystone.o(.rodata.str1.1)
    .L.str.17                                0x08005e10   Data          26  dhrystone.o(.rodata.str1.1)
    .L.str.16                                0x08005e2a   Data          26  dhrystone.o(.rodata.str1.1)
    .L.str.23                                0x08005e44   Data          26  dhrystone.o(.rodata.str1.1)
    .L.str.12                                0x08005e5e   Data          26  dhrystone.o(.rodata.str1.1)
    .L.str.35                                0x08005e78   Data          26  dhrystone.o(.rodata.str1.1)
    .L.str.14                                0x08005e92   Data          26  dhrystone.o(.rodata.str1.1)
    .L.str.32                                0x08005eac   Data          26  dhrystone.o(.rodata.str1.1)
    .L.str.33                                0x08005ec6   Data          26  dhrystone.o(.rodata.str1.1)
    .L.str.34                                0x08005ee0   Data          26  dhrystone.o(.rodata.str1.1)
    .L.str.28                                0x08005efa   Data          26  dhrystone.o(.rodata.str1.1)
    .L.str.21                                0x08005efc   Data          24  dhrystone.o(.rodata.str1.1)
    .L.str.25                                0x08005f14   Data          26  dhrystone.o(.rodata.str1.1)
    .L.str.24                                0x08005f2e   Data          26  dhrystone.o(.rodata.str1.1)
    .L.str.18                                0x08005f48   Data          26  dhrystone.o(.rodata.str1.1)
    .L.str.19                                0x08005f62   Data          26  dhrystone.o(.rodata.str1.1)
    .L.str.13                                0x08005f7c   Data          26  dhrystone.o(.rodata.str1.1)
    .L.str.41                                0x08005f96   Data          15  dhrystone.o(.rodata.str1.1)
    .L.str.6                                 0x08005fa5   Data          47  dhrystone.o(.rodata.str1.1)
    .L.str.29                                0x08005fd4   Data          65  dhrystone.o(.rodata.str1.1)
    .L.str.36                                0x08006015   Data          26  dhrystone.o(.rodata.str1.1)
    .L.str.38                                0x0800602f   Data          26  dhrystone.o(.rodata.str1.1)
    .L.str.26                                0x08006049   Data          26  dhrystone.o(.rodata.str1.1)
    .L.str.30                                0x0800604a   Data          25  dhrystone.o(.rodata.str1.1)
    .L.str.40                                0x08006063   Data          88  dhrystone.o(.rodata.str1.1)
    .L.str.5                                 0x080060bb   Data          55  dhrystone.o(.rodata.str1.1)
    .L.str.11                                0x080060f1   Data           1  dhrystone.o(.rodata.str1.1)
    .L.str.22                                0x080060f4   Data          50  dhrystone.o(.rodata.str1.4)
    [Anonymous Symbol]                       0x080060f4   Section        0  dhrystone.o(.rodata.str1.4)
    .L.str.8                                 0x08006128   Data          31  dhrystone.o(.rodata.str1.4)
    .L.str                                   0x08006148   Data          31  dhrystone.o(.rodata.str1.4)
    locale$$data                             0x08006188   Section       28  lc_numeric_c.o(locale$$data)
    __lcnum_c_name                           0x0800618c   Data           2  lc_numeric_c.o(locale$$data)
    __lcnum_c_start                          0x08006194   Data           0  lc_numeric_c.o(locale$$data)
    __lcnum_c_point                          0x080061a0   Data           0  lc_numeric_c.o(locale$$data)
    __lcnum_c_thousands                      0x080061a2   Data           0  lc_numeric_c.o(locale$$data)
    __lcnum_c_grouping                       0x080061a3   Data           0  lc_numeric_c.o(locale$$data)
    __lcnum_c_end                            0x080061a4   Data           0  lc_numeric_c.o(locale$$data)
    locale$$data                             0x080061a4   Section      272  lc_ctype_c.o(locale$$data)
    __lcctype_c_name                         0x080061a8   Data           2  lc_ctype_c.o(locale$$data)
    __lcctype_c_start                        0x080061b0   Data           0  lc_ctype_c.o(locale$$data)
    __lcctype_c_end                          0x080062b4   Data           0  lc_ctype_c.o(locale$$data)
    .L_MergedGlobals                         0x20000000   Data           8  stm32l5xx_hal.o(.data..L_MergedGlobals)
    [Anonymous Symbol]                       0x20000000   Section        0  stm32l5xx_hal.o(.data..L_MergedGlobals)
    .bss                                     0x20000010   Section       96  libspace.o(.bss)
    .L_MergedGlobals                         0x20000070   Data          44  dhrystone.o(.bss..L_MergedGlobals)
    [Anonymous Symbol]                       0x20000070   Section        0  dhrystone.o(.bss..L_MergedGlobals)
    Heap_Mem                                 0x20002968   Data         512  startup_stm32l552xx.o(HEAP)
    HEAP                                     0x20002968   Section      512  startup_stm32l552xx.o(HEAP)
    Stack_Mem                                0x20002b68   Data        1024  startup_stm32l552xx.o(STACK)
    STACK                                    0x20002b68   Section     1024  startup_stm32l552xx.o(STACK)
    __initial_sp                             0x20002f68   Data           0  startup_stm32l552xx.o(STACK)

    Global Symbols

    Symbol Name                              Value     Ov Type        Size  Object(Section)

    BuildAttributes$$THM_ISAv4$E$P$D$K$B$S$7EM$8M$VFPi5$EXTD16$VFPS$VFMA$PE$A:L22UL41UL21$X:L11$S22US41US21$IEEE1$IW$~IW$USESV6$~STKCKD$USESV7$~SHL$OTIME$ROPI$IEEEJ$EBA8$UX$STANDARDLIB$REQ8$PRES8$EABIv2 0x00000000   Number         0  anon$$obj.o ABSOLUTE
    _printf_flags                            0x00000000   Number         0  printf_stubs.o ABSOLUTE
    _printf_return_value                     0x00000000   Number         0  printf_stubs.o ABSOLUTE
    _printf_sizespec                         0x00000000   Number         0  printf_stubs.o ABSOLUTE
    _printf_widthprec                        0x00000000   Number         0  printf_stubs.o ABSOLUTE
    __ARM_exceptions_init                     - Undefined Weak Reference
    __alloca_initialize                       - Undefined Weak Reference
    __arm_preinit_                            - Undefined Weak Reference
    __arm_relocate_pie_                       - Undefined Weak Reference
    __cpp_initialize__aeabi_                  - Undefined Weak Reference
    __cxa_finalize                            - Undefined Weak Reference
    __sigvec_lookup                           - Undefined Weak Reference
    __user_heap_extent                        - Undefined Weak Reference
    _atexit_init                              - Undefined Weak Reference
    _call_atexit_fns                          - Undefined Weak Reference
    _clock_init                               - Undefined Weak Reference
    _fp_trap_init                             - Undefined Weak Reference
    _fp_trap_shutdown                         - Undefined Weak Reference
    _get_lc_collate                           - Undefined Weak Reference
    _get_lc_monetary                          - Undefined Weak Reference
    _get_lc_time                              - Undefined Weak Reference
    _getenv_init                              - Undefined Weak Reference
    _handle_redirection                       - Undefined Weak Reference
    _initio                                   - Undefined Weak Reference
    _mutex_acquire                            - Undefined Weak Reference
    _mutex_free                               - Undefined Weak Reference
    _mutex_release                            - Undefined Weak Reference
    _printf_mbtowc                            - Undefined Weak Reference
    _printf_truncate_signed                   - Undefined Weak Reference
    _printf_truncate_unsigned                 - Undefined Weak Reference
    _rand_init                                - Undefined Weak Reference
    _signal_finish                            - Undefined Weak Reference
    _signal_init                              - Undefined Weak Reference
    _terminateio                              - Undefined Weak Reference
    __Vectors_Size                           0x000001f4   Number         0  startup_stm32l552xx.o ABSOLUTE
    __Vectors                                0x08000000   Data           4  startup_stm32l552xx.o(RESET)
    __Vectors_End                            0x080001f4   Data           0  startup_stm32l552xx.o(RESET)
    __main                                   0x080001f5   Thumb Code     8  __main.o(!!!main)
    __scatterload                            0x080001fd   Thumb Code     0  __scatter.o(!!!scatter)
    __scatterload_rt2                        0x080001fd   Thumb Code    84  __scatter.o(!!!scatter)
    __scatterload_rt2_thumb_only             0x080001fd   Thumb Code     0  __scatter.o(!!!scatter)
    __scatterload_loop                       0x08000207   Thumb Code     0  __scatter.o(!!!scatter)
    __scatterload_copy                       0x08000259   Thumb Code    26  __scatter_copy.o(!!handler_copy)
    __scatterload_null                       0x08000275   Thumb Code     2  __scatter.o(!!handler_null)
    __scatterload_zeroinit                   0x08000279   Thumb Code    28  __scatter_zi.o(!!handler_zi)
    _printf_f                                0x08000295   Thumb Code     0  _printf_f.o(.ARM.Collect$$_printf_percent$$00000003)
    _printf_percent                          0x08000295   Thumb Code     0  _printf_percent.o(.ARM.Collect$$_printf_percent$$00000000)
    _printf_d                                0x0800029b   Thumb Code     0  _printf_d.o(.ARM.Collect$$_printf_percent$$00000009)
    _printf_u                                0x080002a1   Thumb Code     0  _printf_u.o(.ARM.Collect$$_printf_percent$$0000000A)
    _printf_c                                0x080002a7   Thumb Code     0  _printf_c.o(.ARM.Collect$$_printf_percent$$00000013)
    _printf_s                                0x080002ad   Thumb Code     0  _printf_s.o(.ARM.Collect$$_printf_percent$$00000014)
    _printf_percent_end                      0x080002b3   Thumb Code     0  _printf_percent_end.o(.ARM.Collect$$_printf_percent$$00000017)
    __rt_lib_init                            0x080002b7   Thumb Code     0  libinit.o(.ARM.Collect$$libinit$$00000000)
    __rt_lib_init_fp_1                       0x080002b9   Thumb Code     0  libinit2.o(.ARM.Collect$$libinit$$00000001)
    __rt_lib_init_heap_2                     0x080002bd   Thumb Code     0  libinit2.o(.ARM.Collect$$libinit$$00000007)
    __rt_lib_init_preinit_1                  0x080002bd   Thumb Code     0  libinit2.o(.ARM.Collect$$libinit$$00000006)
    __rt_lib_init_relocate_pie_1             0x080002bd   Thumb Code     0  libinit2.o(.ARM.Collect$$libinit$$00000004)
    __rt_lib_init_heap_1                     0x080002c5   Thumb Code     0  libinit2.o(.ARM.Collect$$libinit$$0000000C)
    __rt_lib_init_lc_common                  0x080002c5   Thumb Code     0  libinit2.o(.ARM.Collect$$libinit$$00000011)
    __rt_lib_init_rand_1                     0x080002c5   Thumb Code     0  libinit2.o(.ARM.Collect$$libinit$$00000010)
    __rt_lib_init_user_alloc_1               0x080002c5   Thumb Code     0  libinit2.o(.ARM.Collect$$libinit$$0000000E)
    __rt_lib_init_lc_collate_1               0x080002cb   Thumb Code     0  libinit2.o(.ARM.Collect$$libinit$$00000013)
    __rt_lib_init_lc_ctype_2                 0x080002cb   Thumb Code     0  libinit2.o(.ARM.Collect$$libinit$$00000014)
    __rt_lib_init_lc_ctype_1                 0x080002d7   Thumb Code     0  libinit2.o(.ARM.Collect$$libinit$$00000015)
    __rt_lib_init_lc_monetary_1              0x080002d7   Thumb Code     0  libinit2.o(.ARM.Collect$$libinit$$00000017)
    __rt_lib_init_lc_numeric_2               0x080002d7   Thumb Code     0  libinit2.o(.ARM.Collect$$libinit$$00000018)
    __rt_lib_init_alloca_1                   0x080002e1   Thumb Code     0  libinit2.o(.ARM.Collect$$libinit$$00000030)
    __rt_lib_init_argv_1                     0x080002e1   Thumb Code     0  libinit2.o(.ARM.Collect$$libinit$$0000002E)
    __rt_lib_init_atexit_1                   0x080002e1   Thumb Code     0  libinit2.o(.ARM.Collect$$libinit$$0000001D)
    __rt_lib_init_clock_1                    0x080002e1   Thumb Code     0  libinit2.o(.ARM.Collect$$libinit$$00000023)
    __rt_lib_init_cpp_1                      0x080002e1   Thumb Code     0  libinit2.o(.ARM.Collect$$libinit$$00000034)
    __rt_lib_init_exceptions_1               0x080002e1   Thumb Code     0  libinit2.o(.ARM.Collect$$libinit$$00000032)
    __rt_lib_init_fp_trap_1                  0x080002e1   Thumb Code     0  libinit2.o(.ARM.Collect$$libinit$$00000021)
    __rt_lib_init_getenv_1                   0x080002e1   Thumb Code     0  libinit2.o(.ARM.Collect$$libinit$$00000025)
    __rt_lib_init_lc_numeric_1               0x080002e1   Thumb Code     0  libinit2.o(.ARM.Collect$$libinit$$00000019)
    __rt_lib_init_lc_time_1                  0x080002e1   Thumb Code     0  libinit2.o(.ARM.Collect$$libinit$$0000001B)
    __rt_lib_init_return                     0x080002e1   Thumb Code     0  libinit2.o(.ARM.Collect$$libinit$$00000035)
    __rt_lib_init_signal_1                   0x080002e1   Thumb Code     0  libinit2.o(.ARM.Collect$$libinit$$0000001F)
    __rt_lib_init_stdio_1                    0x080002e1   Thumb Code     0  libinit2.o(.ARM.Collect$$libinit$$00000027)
    __rt_lib_shutdown                        0x080002e3   Thumb Code     0  libshutdown.o(.ARM.Collect$$libshutdown$$00000000)
    __rt_lib_shutdown_cpp_1                  0x080002e5   Thumb Code     0  libshutdown2.o(.ARM.Collect$$libshutdown$$00000002)
    __rt_lib_shutdown_fp_trap_1              0x080002e5   Thumb Code     0  libshutdown2.o(.ARM.Collect$$libshutdown$$00000007)
    __rt_lib_shutdown_heap_1                 0x080002e5   Thumb Code     0  libshutdown2.o(.ARM.Collect$$libshutdown$$0000000F)
    __rt_lib_shutdown_return                 0x080002e5   Thumb Code     0  libshutdown2.o(.ARM.Collect$$libshutdown$$00000010)
    __rt_lib_shutdown_signal_1               0x080002e5   Thumb Code     0  libshutdown2.o(.ARM.Collect$$libshutdown$$0000000A)
    __rt_lib_shutdown_stdio_1                0x080002e5   Thumb Code     0  libshutdown2.o(.ARM.Collect$$libshutdown$$00000004)
    __rt_lib_shutdown_user_alloc_1           0x080002e5   Thumb Code     0  libshutdown2.o(.ARM.Collect$$libshutdown$$0000000C)
    __rt_entry                               0x080002e7   Thumb Code     0  __rtentry.o(.ARM.Collect$$rtentry$$00000000)
    __rt_entry_presh_1                       0x080002e7   Thumb Code     0  __rtentry2.o(.ARM.Collect$$rtentry$$00000002)
    __rt_entry_sh                            0x080002e7   Thumb Code     0  __rtentry4.o(.ARM.Collect$$rtentry$$00000004)
    __rt_entry_li                            0x080002ed   Thumb Code     0  __rtentry2.o(.ARM.Collect$$rtentry$$0000000A)
    __rt_entry_postsh_1                      0x080002ed   Thumb Code     0  __rtentry2.o(.ARM.Collect$$rtentry$$00000009)
    __rt_entry_main                          0x080002f1   Thumb Code     0  __rtentry2.o(.ARM.Collect$$rtentry$$0000000D)
    __rt_entry_postli_1                      0x080002f1   Thumb Code     0  __rtentry2.o(.ARM.Collect$$rtentry$$0000000C)
    __rt_exit                                0x080002f9   Thumb Code     0  rtexit.o(.ARM.Collect$$rtexit$$00000000)
    __rt_exit_ls                             0x080002fb   Thumb Code     0  rtexit2.o(.ARM.Collect$$rtexit$$00000003)
    __rt_exit_prels_1                        0x080002fb   Thumb Code     0  rtexit2.o(.ARM.Collect$$rtexit$$00000002)
    __rt_exit_exit                           0x080002ff   Thumb Code     0  rtexit2.o(.ARM.Collect$$rtexit$$00000004)
    Reset_Handler                            0x08000305   Thumb Code     8  startup_stm32l552xx.o(.text)
    SecureFault_Handler                      0x08000317   Thumb Code     2  startup_stm32l552xx.o(.text)
    ADC1_2_IRQHandler                        0x08000321   Thumb Code     0  startup_stm32l552xx.o(.text)
    COMP_IRQHandler                          0x08000321   Thumb Code     0  startup_stm32l552xx.o(.text)
    CRS_IRQHandler                           0x08000321   Thumb Code     0  startup_stm32l552xx.o(.text)
    DAC_IRQHandler                           0x08000321   Thumb Code     0  startup_stm32l552xx.o(.text)
    DFSDM1_FLT0_IRQHandler                   0x08000321   Thumb Code     0  startup_stm32l552xx.o(.text)
    DFSDM1_FLT1_IRQHandler                   0x08000321   Thumb Code     0  startup_stm32l552xx.o(.text)
    DFSDM1_FLT2_IRQHandler                   0x08000321   Thumb Code     0  startup_stm32l552xx.o(.text)
    DFSDM1_FLT3_IRQHandler                   0x08000321   Thumb Code     0  startup_stm32l552xx.o(.text)
    DMA1_Channel1_IRQHandler                 0x08000321   Thumb Code     0  startup_stm32l552xx.o(.text)
    DMA1_Channel2_IRQHandler                 0x08000321   Thumb Code     0  startup_stm32l552xx.o(.text)
    DMA1_Channel3_IRQHandler                 0x08000321   Thumb Code     0  startup_stm32l552xx.o(.text)
    DMA1_Channel4_IRQHandler                 0x08000321   Thumb Code     0  startup_stm32l552xx.o(.text)
    DMA1_Channel5_IRQHandler                 0x08000321   Thumb Code     0  startup_stm32l552xx.o(.text)
    DMA1_Channel6_IRQHandler                 0x08000321   Thumb Code     0  startup_stm32l552xx.o(.text)
    DMA1_Channel7_IRQHandler                 0x08000321   Thumb Code     0  startup_stm32l552xx.o(.text)
    DMA1_Channel8_IRQHandler                 0x08000321   Thumb Code     0  startup_stm32l552xx.o(.text)
    DMA2_Channel1_IRQHandler                 0x08000321   Thumb Code     0  startup_stm32l552xx.o(.text)
    DMA2_Channel2_IRQHandler                 0x08000321   Thumb Code     0  startup_stm32l552xx.o(.text)
    DMA2_Channel3_IRQHandler                 0x08000321   Thumb Code     0  startup_stm32l552xx.o(.text)
    DMA2_Channel4_IRQHandler                 0x08000321   Thumb Code     0  startup_stm32l552xx.o(.text)
    DMA2_Channel5_IRQHandler                 0x08000321   Thumb Code     0  startup_stm32l552xx.o(.text)
    DMA2_Channel6_IRQHandler                 0x08000321   Thumb Code     0  startup_stm32l552xx.o(.text)
    DMA2_Channel7_IRQHandler                 0x08000321   Thumb Code     0  startup_stm32l552xx.o(.text)
    DMA2_Channel8_IRQHandler                 0x08000321   Thumb Code     0  startup_stm32l552xx.o(.text)
    DMAMUX1_IRQHandler                       0x08000321   Thumb Code     0  startup_stm32l552xx.o(.text)
    DMAMUX1_S_IRQHandler                     0x08000321   Thumb Code     0  startup_stm32l552xx.o(.text)
    EXTI0_IRQHandler                         0x08000321   Thumb Code     0  startup_stm32l552xx.o(.text)
    EXTI10_IRQHandler                        0x08000321   Thumb Code     0  startup_stm32l552xx.o(.text)
    EXTI11_IRQHandler                        0x08000321   Thumb Code     0  startup_stm32l552xx.o(.text)
    EXTI12_IRQHandler                        0x08000321   Thumb Code     0  startup_stm32l552xx.o(.text)
    EXTI13_IRQHandler                        0x08000321   Thumb Code     0  startup_stm32l552xx.o(.text)
    EXTI14_IRQHandler                        0x08000321   Thumb Code     0  startup_stm32l552xx.o(.text)
    EXTI15_IRQHandler                        0x08000321   Thumb Code     0  startup_stm32l552xx.o(.text)
    EXTI1_IRQHandler                         0x08000321   Thumb Code     0  startup_stm32l552xx.o(.text)
    EXTI2_IRQHandler                         0x08000321   Thumb Code     0  startup_stm32l552xx.o(.text)
    EXTI3_IRQHandler                         0x08000321   Thumb Code     0  startup_stm32l552xx.o(.text)
    EXTI4_IRQHandler                         0x08000321   Thumb Code     0  startup_stm32l552xx.o(.text)
    EXTI5_IRQHandler                         0x08000321   Thumb Code     0  startup_stm32l552xx.o(.text)
    EXTI6_IRQHandler                         0x08000321   Thumb Code     0  startup_stm32l552xx.o(.text)
    EXTI7_IRQHandler                         0x08000321   Thumb Code     0  startup_stm32l552xx.o(.text)
    EXTI8_IRQHandler                         0x08000321   Thumb Code     0  startup_stm32l552xx.o(.text)
    EXTI9_IRQHandler                         0x08000321   Thumb Code     0  startup_stm32l552xx.o(.text)
    FDCAN1_IT0_IRQHandler                    0x08000321   Thumb Code     0  startup_stm32l552xx.o(.text)
    FDCAN1_IT1_IRQHandler                    0x08000321   Thumb Code     0  startup_stm32l552xx.o(.text)
    FLASH_IRQHandler                         0x08000321   Thumb Code     0  startup_stm32l552xx.o(.text)
    FLASH_S_IRQHandler                       0x08000321   Thumb Code     0  startup_stm32l552xx.o(.text)
    FMC_IRQHandler                           0x08000321   Thumb Code     0  startup_stm32l552xx.o(.text)
    FPU_IRQHandler                           0x08000321   Thumb Code     0  startup_stm32l552xx.o(.text)
    GTZC_IRQHandler                          0x08000321   Thumb Code     0  startup_stm32l552xx.o(.text)
    HASH_IRQHandler                          0x08000321   Thumb Code     0  startup_stm32l552xx.o(.text)
    I2C1_ER_IRQHandler                       0x08000321   Thumb Code     0  startup_stm32l552xx.o(.text)
    I2C1_EV_IRQHandler                       0x08000321   Thumb Code     0  startup_stm32l552xx.o(.text)
    I2C2_ER_IRQHandler                       0x08000321   Thumb Code     0  startup_stm32l552xx.o(.text)
    I2C2_EV_IRQHandler                       0x08000321   Thumb Code     0  startup_stm32l552xx.o(.text)
    I2C3_ER_IRQHandler                       0x08000321   Thumb Code     0  startup_stm32l552xx.o(.text)
    I2C3_EV_IRQHandler                       0x08000321   Thumb Code     0  startup_stm32l552xx.o(.text)
    I2C4_ER_IRQHandler                       0x08000321   Thumb Code     0  startup_stm32l552xx.o(.text)
    I2C4_EV_IRQHandler                       0x08000321   Thumb Code     0  startup_stm32l552xx.o(.text)
    ICACHE_IRQHandler                        0x08000321   Thumb Code     0  startup_stm32l552xx.o(.text)
    LPTIM1_IRQHandler                        0x08000321   Thumb Code     0  startup_stm32l552xx.o(.text)
    LPTIM2_IRQHandler                        0x08000321   Thumb Code     0  startup_stm32l552xx.o(.text)
    LPTIM3_IRQHandler                        0x08000321   Thumb Code     0  startup_stm32l552xx.o(.text)
    LPUART1_IRQHandler                       0x08000321   Thumb Code     0  startup_stm32l552xx.o(.text)
    OCTOSPI1_IRQHandler                      0x08000321   Thumb Code     0  startup_stm32l552xx.o(.text)
    PVD_PVM_IRQHandler                       0x08000321   Thumb Code     0  startup_stm32l552xx.o(.text)
    RCC_IRQHandler                           0x08000321   Thumb Code     0  startup_stm32l552xx.o(.text)
    RCC_S_IRQHandler                         0x08000321   Thumb Code     0  startup_stm32l552xx.o(.text)
    RNG_IRQHandler                           0x08000321   Thumb Code     0  startup_stm32l552xx.o(.text)
    RTC_IRQHandler                           0x08000321   Thumb Code     0  startup_stm32l552xx.o(.text)
    RTC_S_IRQHandler                         0x08000321   Thumb Code     0  startup_stm32l552xx.o(.text)
    SAI1_IRQHandler                          0x08000321   Thumb Code     0  startup_stm32l552xx.o(.text)
    SAI2_IRQHandler                          0x08000321   Thumb Code     0  startup_stm32l552xx.o(.text)
    SDMMC1_IRQHandler                        0x08000321   Thumb Code     0  startup_stm32l552xx.o(.text)
    SPI1_IRQHandler                          0x08000321   Thumb Code     0  startup_stm32l552xx.o(.text)
    SPI2_IRQHandler                          0x08000321   Thumb Code     0  startup_stm32l552xx.o(.text)
    SPI3_IRQHandler                          0x08000321   Thumb Code     0  startup_stm32l552xx.o(.text)
    TAMP_IRQHandler                          0x08000321   Thumb Code     0  startup_stm32l552xx.o(.text)
    TAMP_S_IRQHandler                        0x08000321   Thumb Code     0  startup_stm32l552xx.o(.text)
    TIM15_IRQHandler                         0x08000321   Thumb Code     0  startup_stm32l552xx.o(.text)
    TIM16_IRQHandler                         0x08000321   Thumb Code     0  startup_stm32l552xx.o(.text)
    TIM17_IRQHandler                         0x08000321   Thumb Code     0  startup_stm32l552xx.o(.text)
    TIM1_BRK_IRQHandler                      0x08000321   Thumb Code     0  startup_stm32l552xx.o(.text)
    TIM1_CC_IRQHandler                       0x08000321   Thumb Code     0  startup_stm32l552xx.o(.text)
    TIM1_TRG_COM_IRQHandler                  0x08000321   Thumb Code     0  startup_stm32l552xx.o(.text)
    TIM1_UP_IRQHandler                       0x08000321   Thumb Code     0  startup_stm32l552xx.o(.text)
    TIM2_IRQHandler                          0x08000321   Thumb Code     0  startup_stm32l552xx.o(.text)
    TIM3_IRQHandler                          0x08000321   Thumb Code     0  startup_stm32l552xx.o(.text)
    TIM4_IRQHandler                          0x08000321   Thumb Code     0  startup_stm32l552xx.o(.text)
    TIM5_IRQHandler                          0x08000321   Thumb Code     0  startup_stm32l552xx.o(.text)
    TIM6_IRQHandler                          0x08000321   Thumb Code     0  startup_stm32l552xx.o(.text)
    TIM7_IRQHandler                          0x08000321   Thumb Code     0  startup_stm32l552xx.o(.text)
    TIM8_BRK_IRQHandler                      0x08000321   Thumb Code     0  startup_stm32l552xx.o(.text)
    TIM8_CC_IRQHandler                       0x08000321   Thumb Code     0  startup_stm32l552xx.o(.text)
    TIM8_TRG_COM_IRQHandler                  0x08000321   Thumb Code     0  startup_stm32l552xx.o(.text)
    TIM8_UP_IRQHandler                       0x08000321   Thumb Code     0  startup_stm32l552xx.o(.text)
    TSC_IRQHandler                           0x08000321   Thumb Code     0  startup_stm32l552xx.o(.text)
    UART4_IRQHandler                         0x08000321   Thumb Code     0  startup_stm32l552xx.o(.text)
    UART5_IRQHandler                         0x08000321   Thumb Code     0  startup_stm32l552xx.o(.text)
    UCPD1_IRQHandler                         0x08000321   Thumb Code     0  startup_stm32l552xx.o(.text)
    USART1_IRQHandler                        0x08000321   Thumb Code     0  startup_stm32l552xx.o(.text)
    USART2_IRQHandler                        0x08000321   Thumb Code     0  startup_stm32l552xx.o(.text)
    USART3_IRQHandler                        0x08000321   Thumb Code     0  startup_stm32l552xx.o(.text)
    USB_FS_IRQHandler                        0x08000321   Thumb Code     0  startup_stm32l552xx.o(.text)
    WWDG_IRQHandler                          0x08000321   Thumb Code     0  startup_stm32l552xx.o(.text)
    __user_initial_stackheap                 0x08000325   Thumb Code    10  startup_stm32l552xx.o(.text)
    malloc                                   0x08000349   Thumb Code    94  h1_alloc.o(.text)
    __aeabi_uldivmod                         0x080003a7   Thumb Code     0  lludivv7m.o(.text)
    _ll_udiv                                 0x080003a7   Thumb Code   240  lludivv7m.o(.text)
    __2sprintf                               0x08000499   Thumb Code    34  noretval__2sprintf.o(.text)
    _printf_pre_padding                      0x080004c1   Thumb Code    44  _printf_pad.o(.text)
    _printf_post_padding                     0x080004ed   Thumb Code    34  _printf_pad.o(.text)
    _printf_str                              0x0800050f   Thumb Code    82  _printf_str.o(.text)
    _printf_int_dec                          0x08000561   Thumb Code   104  _printf_dec.o(.text)
    __printf                                 0x080005d9   Thumb Code   270  __printf_wp.o(.text)
    atoi                                     0x080006e7   Thumb Code    26  atoi.o(.text)
    __aeabi_memcpy                           0x08000701   Thumb Code     0  rt_memcpy_v6.o(.text)
    __rt_memcpy                              0x08000701   Thumb Code   138  rt_memcpy_v6.o(.text)
    _memcpy_lastbytes                        0x08000767   Thumb Code     0  rt_memcpy_v6.o(.text)
    __aeabi_memclr4                          0x0800078b   Thumb Code     0  rt_memclr_w.o(.text)
    __aeabi_memclr8                          0x0800078b   Thumb Code     0  rt_memclr_w.o(.text)
    __rt_memclr_w                            0x0800078b   Thumb Code     0  rt_memclr_w.o(.text)
    _memset_w                                0x0800078f   Thumb Code    74  rt_memclr_w.o(.text)
    strcmp                                   0x080007d9   Thumb Code   124  strcmpv8m_maindsp.o(.text)
    __use_two_region_memory                  0x08000855   Thumb Code     2  heapauxi.o(.text)
    __rt_heap_escrow                         0x08000857   Thumb Code     2  heapauxi.o(.text)
    __rt_heap_expand                         0x08000859   Thumb Code     2  heapauxi.o(.text)
    __rt_heap_descriptor                     0x0800085d   Thumb Code     8  rt_heap_descriptor_intlibspace.o(.text)
    __aeabi_errno_addr                       0x08000865   Thumb Code     8  rt_errno_addr_intlibspace.o(.text)
    __errno$intlibspace                      0x08000865   Thumb Code     0  rt_errno_addr_intlibspace.o(.text)
    __rt_errno_addr$intlibspace              0x08000865   Thumb Code     0  rt_errno_addr_intlibspace.o(.text)
    __use_no_heap                            0x0800086d   Thumb Code     2  hguard.o(.text)
    __heap$guard                             0x0800086f   Thumb Code     2  hguard.o(.text)
    _terminate_user_alloc                    0x08000871   Thumb Code     2  init_alloc.o(.text)
    _init_user_alloc                         0x08000873   Thumb Code     2  init_alloc.o(.text)
    __Heap_Full                              0x08000875   Thumb Code    34  init_alloc.o(.text)
    __Heap_Broken                            0x08000897   Thumb Code     6  init_alloc.o(.text)
    _init_alloc                              0x0800089d   Thumb Code    94  init_alloc.o(.text)
    __Heap_Initialize                        0x080008fb   Thumb Code     8  h1_init.o(.text)
    __Heap_DescSize                          0x08000903   Thumb Code     4  h1_init.o(.text)
    free                                     0x08000907   Thumb Code    78  h1_free.o(.text)
    _printf_int_common                       0x08000955   Thumb Code   178  _printf_intcommon.o(.text)
    _printf_fp_dec_real                      0x08000bb7   Thumb Code   620  _printf_fp_dec.o(.text)
    _printf_char_common                      0x08000e2f   Thumb Code    32  _printf_char_common.o(.text)
    _sputc                                   0x08000e55   Thumb Code    10  _sputc.o(.text)
    _printf_cs_common                        0x08000e5f   Thumb Code    20  _printf_char.o(.text)
    _printf_char                             0x08000e73   Thumb Code    16  _printf_char.o(.text)
    _printf_string                           0x08000e83   Thumb Code     8  _printf_char.o(.text)
    strtol                                   0x08000e8b   Thumb Code   112  strtol.o(.text)
    __aeabi_memcpy4                          0x08000efb   Thumb Code     0  rt_memcpy_w.o(.text)
    __aeabi_memcpy8                          0x08000efb   Thumb Code     0  rt_memcpy_w.o(.text)
    __rt_memcpy_w                            0x08000efb   Thumb Code   100  rt_memcpy_w.o(.text)
    _memcpy_lastbytes_aligned                0x08000f43   Thumb Code     0  rt_memcpy_w.o(.text)
    __user_libspace                          0x08000f61   Thumb Code     8  libspace.o(.text)
    __user_perproc_libspace                  0x08000f61   Thumb Code     0  libspace.o(.text)
    __user_perthread_libspace                0x08000f61   Thumb Code     0  libspace.o(.text)
    __rt_ctype_table                         0x08000f69   Thumb Code    16  rt_ctype_table.o(.text)
    __rt_locale                              0x08000f79   Thumb Code     8  rt_locale_intlibspace.o(.text)
    __Heap_ProvideMemory                     0x08000f81   Thumb Code    52  h1_extend.o(.text)
    _maybe_terminate_alloc                   0x08000f81   Thumb Code     0  maybetermalloc1.o(.text)
    _ll_udiv10                               0x08000fb5   Thumb Code   138  lludiv10.o(.text)
    _printf_fp_infnan                        0x08001041   Thumb Code   112  _printf_fp_infnan.o(.text)
    _strtoul                                 0x080010c1   Thumb Code   158  _strtoul.o(.text)
    _btod_etento                             0x08001161   Thumb Code   224  bigflt0.o(.text)
    __rt_SIGRTMEM                            0x08001245   Thumb Code    14  defsig_rtmem_outer.o(.text)
    __I$use$semihosting                      0x08001253   Thumb Code     0  use_no_semi.o(.text)
    __use_no_semihosting_swi                 0x08001253   Thumb Code     2  use_no_semi.o(.text)
    __semihosting_library_function           0x08001255   Thumb Code     0  indicate_semi.o(.text)
    __user_setup_stackheap                   0x08001255   Thumb Code    74  sys_stackheap_outer.o(.text)
    _chval                                   0x0800129f   Thumb Code    28  _chval.o(.text)
    exit                                     0x080012bb   Thumb Code    18  exit.o(.text)
    __sig_exit                               0x080012cd   Thumb Code    10  defsig_exit.o(.text)
    __rt_SIGRTMEM_inner                      0x080012d9   Thumb Code    22  defsig_rtmem_inner.o(.text)
    _sys_exit                                0x08001329   Thumb Code     8  sys_exit.o(.text)
    __default_signal_display                 0x08001335   Thumb Code    50  defsig_general.o(.text)
    _ttywrch                                 0x08001367   Thumb Code    14  sys_wrch.o(.text)
    BusFault_Handler                         0x08001375   Thumb Code     2  stm32l5xx_it.o(.text.BusFault_Handler)
    DebugMon_Handler                         0x08001379   Thumb Code     2  stm32l5xx_it.o(.text.DebugMon_Handler)
    Error_Handler                            0x0800137d   Thumb Code    10  main.o(.text.Error_Handler)
    Func_1                                   0x08001389   Thumb Code    22  dhrystone2.o(.text.Func_1)
    Func_2                                   0x080013a1   Thumb Code    52  dhrystone2.o(.text.Func_2)
    Func_3                                   0x080013d5   Thumb Code    10  dhrystone2.o(.text.Func_3)
    HAL_GPIO_Init                            0x080013e1   Thumb Code   422  stm32l5xx_hal_gpio.o(.text.HAL_GPIO_Init)
    HAL_GetTick                              0x08001589   Thumb Code    12  stm32l5xx_hal.o(.text.HAL_GetTick)
    HAL_ICACHE_ConfigAssociativityMode       0x08001595   Thumb Code    32  stm32l5xx_hal_icache.o(.text.HAL_ICACHE_ConfigAssociativityMode)
    HAL_ICACHE_Enable                        0x080015b5   Thumb Code    20  stm32l5xx_hal_icache.o(.text.HAL_ICACHE_Enable)
    HAL_IncTick                              0x080015c9   Thumb Code    26  stm32l5xx_hal.o(.text.HAL_IncTick)
    HAL_Init                                 0x080015e5   Thumb Code    34  stm32l5xx_hal.o(.text.HAL_Init)
    HAL_InitTick                             0x08001609   Thumb Code    78  stm32l5xx_hal.o(.text.HAL_InitTick)
    HAL_MspInit                              0x08001659   Thumb Code    52  stm32l5xx_hal_msp.o(.text.HAL_MspInit)
    HAL_NVIC_SetPriority                     0x0800168d   Thumb Code    32  stm32l5xx_hal_cortex.o(.text.HAL_NVIC_SetPriority)
    HAL_NVIC_SetPriorityGrouping             0x080016ad   Thumb Code     4  stm32l5xx_hal_cortex.o(.text.HAL_NVIC_SetPriorityGrouping)
    HAL_PWREx_ControlVoltageScaling          0x080016b1   Thumb Code   152  stm32l5xx_hal_pwr_ex.o(.text.HAL_PWREx_ControlVoltageScaling)
    HAL_PWREx_DisableUCPDDeadBattery         0x08001749   Thumb Code    18  stm32l5xx_hal_pwr_ex.o(.text.HAL_PWREx_DisableUCPDDeadBattery)
    HAL_PWREx_EnableVddIO2                   0x0800175d   Thumb Code    18  stm32l5xx_hal_pwr_ex.o(.text.HAL_PWREx_EnableVddIO2)
    HAL_PWREx_GetVoltageRange                0x08001771   Thumb Code    16  stm32l5xx_hal_pwr_ex.o(.text.HAL_PWREx_GetVoltageRange)
    HAL_PWREx_SMPS_GetEffectiveMode          0x08001781   Thumb Code    28  stm32l5xx_hal_pwr_ex.o(.text.HAL_PWREx_SMPS_GetEffectiveMode)
    HAL_RCCEx_PeriphCLKConfig                0x0800179d   Thumb Code  1232  stm32l5xx_hal_rcc_ex.o(.text.HAL_RCCEx_PeriphCLKConfig)
    HAL_RCC_ClockConfig                      0x08001c6d   Thumb Code   512  stm32l5xx_hal_rcc.o(.text.HAL_RCC_ClockConfig)
    HAL_RCC_GetHCLKFreq                      0x08001e6d   Thumb Code    34  stm32l5xx_hal_rcc.o(.text.HAL_RCC_GetHCLKFreq)
    HAL_RCC_GetPCLK1Freq                     0x08001e91   Thumb Code    34  stm32l5xx_hal_rcc.o(.text.HAL_RCC_GetPCLK1Freq)
    HAL_RCC_GetPCLK2Freq                     0x08001eb5   Thumb Code    34  stm32l5xx_hal_rcc.o(.text.HAL_RCC_GetPCLK2Freq)
    HAL_RCC_GetSysClockFreq                  0x08001ed9   Thumb Code   166  stm32l5xx_hal_rcc.o(.text.HAL_RCC_GetSysClockFreq)
    HAL_RCC_OscConfig                        0x08001f81   Thumb Code  1924  stm32l5xx_hal_rcc.o(.text.HAL_RCC_OscConfig)
    HAL_SYSTICK_Config                       0x08002705   Thumb Code     4  stm32l5xx_hal_cortex.o(.text.HAL_SYSTICK_Config)
    HAL_TIMEx_MasterConfigSynchronization    0x08002709   Thumb Code   194  stm32l5xx_hal_tim_ex.o(.text.HAL_TIMEx_MasterConfigSynchronization)
    HAL_TIM_Base_Init                        0x080027cd   Thumb Code    98  stm32l5xx_hal_tim.o(.text.HAL_TIM_Base_Init)
    HAL_TIM_Base_MspInit                     0x08002831   Thumb Code    48  stm32l5xx_hal_msp.o(.text.HAL_TIM_Base_MspInit)
    HAL_TIM_Base_Start                       0x08002861   Thumb Code   160  stm32l5xx_hal_tim.o(.text.HAL_TIM_Base_Start)
    HAL_TIM_Base_Stop                        0x08002901   Thumb Code    52  stm32l5xx_hal_tim.o(.text.HAL_TIM_Base_Stop)
    HAL_TIM_ConfigClockSource                0x08002935   Thumb Code   228  stm32l5xx_hal_tim.o(.text.HAL_TIM_ConfigClockSource)
    HAL_TIM_OC_ConfigChannel                 0x08002a19   Thumb Code    96  stm32l5xx_hal_tim.o(.text.HAL_TIM_OC_ConfigChannel)
    HAL_TIM_OC_Init                          0x08002a79   Thumb Code    98  stm32l5xx_hal_tim.o(.text.HAL_TIM_OC_Init)
    HAL_TIM_OC_MspInit                       0x08002add   Thumb Code     2  stm32l5xx_hal_tim.o(.text.HAL_TIM_OC_MspInit)
    HAL_UARTEx_DisableFifoMode               0x08002ae1   Thumb Code    54  stm32l5xx_hal_uart_ex.o(.text.HAL_UARTEx_DisableFifoMode)
    HAL_UARTEx_SetRxFifoThreshold            0x08002b19   Thumb Code    74  stm32l5xx_hal_uart_ex.o(.text.HAL_UARTEx_SetRxFifoThreshold)
    HAL_UARTEx_SetTxFifoThreshold            0x08002b65   Thumb Code    74  stm32l5xx_hal_uart_ex.o(.text.HAL_UARTEx_SetTxFifoThreshold)
    HAL_UART_Init                            0x08002bb1   Thumb Code   100  stm32l5xx_hal_uart.o(.text.HAL_UART_Init)
    HAL_UART_MspInit                         0x08002c15   Thumb Code   140  stm32l5xx_hal_msp.o(.text.HAL_UART_MspInit)
    HAL_UART_Receive                         0x08002ca1   Thumb Code   230  stm32l5xx_hal_uart.o(.text.HAL_UART_Receive)
    HAL_UART_Transmit                        0x08002d89   Thumb Code   214  stm32l5xx_hal_uart.o(.text.HAL_UART_Transmit)
    HardFault_Handler                        0x08002e61   Thumb Code     2  stm32l5xx_it.o(.text.HardFault_Handler)
    MemManage_Handler                        0x08002fad   Thumb Code     2  stm32l5xx_it.o(.text.MemManage_Handler)
    NMI_Handler                              0x08002fb1   Thumb Code     2  stm32l5xx_it.o(.text.NMI_Handler)
    PendSV_Handler                           0x08002fe1   Thumb Code     2  stm32l5xx_it.o(.text.PendSV_Handler)
    Proc_1                                   0x08002fe5   Thumb Code   164  dhrystone.o(.text.Proc_1)
    Proc_2                                   0x08003089   Thumb Code    28  dhrystone.o(.text.Proc_2)
    Proc_3                                   0x080030a5   Thumb Code    46  dhrystone.o(.text.Proc_3)
    Proc_4                                   0x080030d5   Thumb Code    28  dhrystone.o(.text.Proc_4)
    Proc_5                                   0x080030f1   Thumb Code    18  dhrystone.o(.text.Proc_5)
    Proc_6                                   0x08003105   Thumb Code    70  dhrystone2.o(.text.Proc_6)
    Proc_7                                   0x0800314d   Thumb Code     8  dhrystone2.o(.text.Proc_7)
    Proc_8                                   0x08003155   Thumb Code    82  dhrystone2.o(.text.Proc_8)
    SVC_Handler                              0x080034b1   Thumb Code     2  stm32l5xx_it.o(.text.SVC_Handler)
    Serial_GetString                         0x080034b5   Thumb Code    52  main.o(.text.Serial_GetString)
    Serial_PutString                         0x080034e9   Thumb Code    64  main.o(.text.Serial_PutString)
    SysTick_Handler                          0x08003559   Thumb Code     4  stm32l5xx_it.o(.text.SysTick_Handler)
    SystemClock_Config                       0x0800355d   Thumb Code   102  main.o(.text.SystemClock_Config)
    SystemCoreClockUpdate                    0x080035c5   Thumb Code   166  system_stm32l5xx.o(.text.SystemCoreClockUpdate)
    SystemInit                               0x0800366d   Thumb Code    18  system_stm32l5xx.o(.text.SystemInit)
    TIM_Base_SetConfig                       0x08003681   Thumb Code   328  stm32l5xx_hal_tim.o(.text.TIM_Base_SetConfig)
    TIM_ETR_SetConfig                        0x080037c9   Thumb Code    20  stm32l5xx_hal_tim.o(.text.TIM_ETR_SetConfig)
    TIM_OC2_SetConfig                        0x08003875   Thumb Code   144  stm32l5xx_hal_tim.o(.text.TIM_OC2_SetConfig)
    UART_AdvFeatureConfig                    0x08003b65   Thumb Code   234  stm32l5xx_hal_uart.o(.text.UART_AdvFeatureConfig)
    UART_CheckIdleState                      0x08003c51   Thumb Code   366  stm32l5xx_hal_uart.o(.text.UART_CheckIdleState)
    UART_SetConfig                           0x08003ebd   Thumb Code   684  stm32l5xx_hal_uart.o(.text.UART_SetConfig)
    UART_WaitOnFlagUntilTimeout              0x08004179   Thumb Code   242  stm32l5xx_hal_uart.o(.text.UART_WaitOnFlagUntilTimeout)
    UsageFault_Handler                       0x0800426d   Thumb Code     2  stm32l5xx_it.o(.text.UsageFault_Handler)
    main                                     0x080042c5   Thumb Code    30  main.o(.text.main)
    startTimer                               0x080042e5   Thumb Code    30  main.o(.text.startTimer)
    start_Test                               0x08004309   Thumb Code  1976  dhrystone.o(.text.start_Test)
    stopTimer                                0x08004b55   Thumb Code    26  main.o(.text.stopTimer)
    _btod_d2e                                0x08004b6f   Thumb Code    62  btod.o(CL$$btod_d2e)
    _d2e_denorm_low                          0x08004bad   Thumb Code    70  btod.o(CL$$btod_d2e_denorm_low)
    _d2e_norm_op1                            0x08004bf3   Thumb Code    96  btod.o(CL$$btod_d2e_norm_op1)
    __btod_div_common                        0x08004c55   Thumb Code   696  btod.o(CL$$btod_div_common)
    _e2e                                     0x08004f8d   Thumb Code   220  btod.o(CL$$btod_e2e)
    _btod_ediv                               0x08005069   Thumb Code    42  btod.o(CL$$btod_ediv)
    _btod_emul                               0x08005093   Thumb Code    42  btod.o(CL$$btod_emul)
    __btod_mult_common                       0x080050bd   Thumb Code   580  btod.o(CL$$btod_mult_common)
    __ARM_fpclassify                         0x08005301   Thumb Code    48  fpclassify.o(i.__ARM_fpclassify)
    _is_digit                                0x08005331   Thumb Code    14  __printf_wp.o(i._is_digit)
    _get_lc_numeric                          0x08005341   Thumb Code    44  lc_numeric_c.o(locale$$code)
    _get_lc_ctype                            0x0800536d   Thumb Code    44  lc_ctype_c.o(locale$$code)
    __aeabi_d2f                              0x08005399   Thumb Code     0  d2f.o(x$fpl$d2f)
    _d2f                                     0x08005399   Thumb Code    98  d2f.o(x$fpl$d2f)
    __aeabi_ddiv                             0x080053fd   Thumb Code     0  ddiv.o(x$fpl$ddiv)
    _ddiv                                    0x080053fd   Thumb Code   556  ddiv.o(x$fpl$ddiv)
    __aeabi_ui2d                             0x080056b1   Thumb Code     0  dflt_clz.o(x$fpl$dfltu)
    _dfltu                                   0x080056b1   Thumb Code    38  dflt_clz.o(x$fpl$dfltu)
    __aeabi_dmul                             0x080056d9   Thumb Code     0  dmul.o(x$fpl$dmul)
    _dmul                                    0x080056d9   Thumb Code   332  dmul.o(x$fpl$dmul)
    __fpl_dnaninf                            0x0800582d   Thumb Code   156  dnaninf.o(x$fpl$dnaninf)
    __fpl_dretinf                            0x080058c9   Thumb Code    12  dretinf.o(x$fpl$dretinf)
    __aeabi_f2d                              0x080058d5   Thumb Code     0  f2d.o(x$fpl$f2d)
    _f2d                                     0x080058d5   Thumb Code    86  f2d.o(x$fpl$f2d)
    __fpl_fnaninf                            0x0800592b   Thumb Code   140  fnaninf.o(x$fpl$fnaninf)
    _fp_init                                 0x080059b7   Thumb Code    26  fpinit.o(x$fpl$fpinit)
    __fplib_config_fpu_vfp                   0x080059cf   Thumb Code     0  fpinit.o(x$fpl$fpinit)
    __fplib_config_pureend_doubles           0x080059cf   Thumb Code     0  fpinit.o(x$fpl$fpinit)
    __fpl_fretinf                            0x080059d1   Thumb Code    10  fretinf.o(x$fpl$fretinf)
    _printf_fp_dec                           0x080059db   Thumb Code     4  printf1.o(x$fpl$printf1)
    __I$use$fp                               0x080059de   Number         0  usenofp.o(x$fpl$usenofp)
    AHBPrescTable                            0x08005a74   Data          16  system_stm32l5xx.o(.rodata.AHBPrescTable)
    APBPrescTable                            0x08005a84   Data           8  system_stm32l5xx.o(.rodata.APBPrescTable)
    MSIRangeTable                            0x08005a8c   Data          64  system_stm32l5xx.o(.rodata.MSIRangeTable)
    UARTPrescTable                           0x08005acc   Data          24  stm32l5xx_hal_uart.o(.rodata.UARTPrescTable)
    Region$$Table$$Base                      0x08006168   Number         0  anon$$obj.o(Region$$Table)
    Region$$Table$$Limit                     0x08006188   Number         0  anon$$obj.o(Region$$Table)
    __ctype                                  0x080061b1   Data           0  lc_ctype_c.o(locale$$data)
    uwTickFreq                               0x20000000   Data           1  stm32l5xx_hal.o(.data..L_MergedGlobals)
    uwTickPrio                               0x20000004   Data           4  stm32l5xx_hal.o(.data..L_MergedGlobals)
    SystemCoreClock                          0x20000008   Data           4  system_stm32l5xx.o(.data.SystemCoreClock)
    __libspace_start                         0x20000010   Data          96  libspace.o(.bss)
    Ch_2_Glob                                0x20000070   Data           1  dhrystone.o(.bss..L_MergedGlobals)
    __temporary_stack_top$libspace           0x20000070   Data           0  libspace.o(.bss)
    Ch_1_Glob                                0x20000071   Data           1  dhrystone.o(.bss..L_MergedGlobals)
    Reg                                      0x20000074   Data           4  dhrystone.o(.bss..L_MergedGlobals)
    Next_Ptr_Glob                            0x20000078   Data           4  dhrystone.o(.bss..L_MergedGlobals)
    Ptr_Glob                                 0x2000007c   Data           4  dhrystone.o(.bss..L_MergedGlobals)
    Begin_Time                               0x20000080   Data           4  dhrystone.o(.bss..L_MergedGlobals)
    Bool_Glob                                0x20000084   Data           4  dhrystone.o(.bss..L_MergedGlobals)
    Int_Glob                                 0x20000088   Data           4  dhrystone.o(.bss..L_MergedGlobals)
    End_Time                                 0x2000008c   Data           4  dhrystone.o(.bss..L_MergedGlobals)
    User_Time                                0x20000090   Data           4  dhrystone.o(.bss..L_MergedGlobals)
    Microseconds                             0x20000094   Data           4  dhrystone.o(.bss..L_MergedGlobals)
    Dhrystones_Per_Second                    0x20000098   Data           4  dhrystone.o(.bss..L_MergedGlobals)
    Arr_1_Glob                               0x2000009c   Data         200  dhrystone.o(.bss.Arr_1_Glob)
    Arr_2_Glob                               0x20000164   Data       10000  dhrystone.o(.bss.Arr_2_Glob)
    hlpuart1                                 0x20002874   Data         148  main.o(.bss.hlpuart1)
    htim5                                    0x20002908   Data          76  main.o(.bss.htim5)
    receive                                  0x20002954   Data          15  main.o(.bss.receive)
    uwTick                                   0x20002964   Data           4  stm32l5xx_hal.o(.bss.uwTick)



==============================================================================

Memory Map of the image

  Image Entry point : 0x080001f5

  Load Region LR_IROM1 (Base: 0x08000000, Size: 0x000062c8, Max: 0x00080000, ABSOLUTE)

    Execution Region ER_IROM1 (Exec base: 0x08000000, Load base: 0x08000000, Size: 0x000062b4, Max: 0x00080000, ABSOLUTE)

    Exec Addr    Load Addr    Size         Type   Attr      Idx    E Section Name        Object

    0x08000000   0x08000000   0x000001f4   Data   RO            3    RESET               startup_stm32l552xx.o
    0x080001f4   0x080001f4   0x00000008   Code   RO         1693  * !!!main             c_w.l(__main.o)
    0x080001fc   0x080001fc   0x0000005c   Code   RO         2023    !!!scatter          c_w.l(__scatter.o)
    0x08000258   0x08000258   0x0000001a   Code   RO         2027    !!handler_copy      c_w.l(__scatter_copy.o)
    0x08000272   0x08000272   0x00000002   PAD
    0x08000274   0x08000274   0x00000002   Code   RO         2024    !!handler_null      c_w.l(__scatter.o)
    0x08000276   0x08000276   0x00000002   PAD
    0x08000278   0x08000278   0x0000001c   Code   RO         2029    !!handler_zi        c_w.l(__scatter_zi.o)
    0x08000294   0x08000294   0x00000000   Code   RO         1682    .ARM.Collect$$_printf_percent$$00000000  c_w.l(_printf_percent.o)
    0x08000294   0x08000294   0x00000006   Code   RO         1681    .ARM.Collect$$_printf_percent$$00000003  c_w.l(_printf_f.o)
    0x0800029a   0x0800029a   0x00000006   Code   RO         1679    .ARM.Collect$$_printf_percent$$00000009  c_w.l(_printf_d.o)
    0x080002a0   0x080002a0   0x00000006   Code   RO         1680    .ARM.Collect$$_printf_percent$$0000000A  c_w.l(_printf_u.o)
    0x080002a6   0x080002a6   0x00000006   Code   RO         1677    .ARM.Collect$$_printf_percent$$00000013  c_w.l(_printf_c.o)
    0x080002ac   0x080002ac   0x00000006   Code   RO         1678    .ARM.Collect$$_printf_percent$$00000014  c_w.l(_printf_s.o)
    0x080002b2   0x080002b2   0x00000004   Code   RO         1766    .ARM.Collect$$_printf_percent$$00000017  c_w.l(_printf_percent_end.o)
    0x080002b6   0x080002b6   0x00000002   Code   RO         1956    .ARM.Collect$$libinit$$00000000  c_w.l(libinit.o)
    0x080002b8   0x080002b8   0x00000004   Code   RO         1773    .ARM.Collect$$libinit$$00000001  c_w.l(libinit2.o)
    0x080002bc   0x080002bc   0x00000000   Code   RO         1776    .ARM.Collect$$libinit$$00000004  c_w.l(libinit2.o)
    0x080002bc   0x080002bc   0x00000000   Code   RO         1778    .ARM.Collect$$libinit$$00000006  c_w.l(libinit2.o)
    0x080002bc   0x080002bc   0x00000008   Code   RO         1779    .ARM.Collect$$libinit$$00000007  c_w.l(libinit2.o)
    0x080002c4   0x080002c4   0x00000000   Code   RO         1781    .ARM.Collect$$libinit$$0000000C  c_w.l(libinit2.o)
    0x080002c4   0x080002c4   0x00000000   Code   RO         1783    .ARM.Collect$$libinit$$0000000E  c_w.l(libinit2.o)
    0x080002c4   0x080002c4   0x00000000   Code   RO         1785    .ARM.Collect$$libinit$$00000010  c_w.l(libinit2.o)
    0x080002c4   0x080002c4   0x00000006   Code   RO         1786    .ARM.Collect$$libinit$$00000011  c_w.l(libinit2.o)
    0x080002ca   0x080002ca   0x00000000   Code   RO         1788    .ARM.Collect$$libinit$$00000013  c_w.l(libinit2.o)
    0x080002ca   0x080002ca   0x0000000c   Code   RO         1789    .ARM.Collect$$libinit$$00000014  c_w.l(libinit2.o)
    0x080002d6   0x080002d6   0x00000000   Code   RO         1790    .ARM.Collect$$libinit$$00000015  c_w.l(libinit2.o)
    0x080002d6   0x080002d6   0x00000000   Code   RO         1792    .ARM.Collect$$libinit$$00000017  c_w.l(libinit2.o)
    0x080002d6   0x080002d6   0x0000000a   Code   RO         1793    .ARM.Collect$$libinit$$00000018  c_w.l(libinit2.o)
    0x080002e0   0x080002e0   0x00000000   Code   RO         1794    .ARM.Collect$$libinit$$00000019  c_w.l(libinit2.o)
    0x080002e0   0x080002e0   0x00000000   Code   RO         1796    .ARM.Collect$$libinit$$0000001B  c_w.l(libinit2.o)
    0x080002e0   0x080002e0   0x00000000   Code   RO         1798    .ARM.Collect$$libinit$$0000001D  c_w.l(libinit2.o)
    0x080002e0   0x080002e0   0x00000000   Code   RO         1800    .ARM.Collect$$libinit$$0000001F  c_w.l(libinit2.o)
    0x080002e0   0x080002e0   0x00000000   Code   RO         1802    .ARM.Collect$$libinit$$00000021  c_w.l(libinit2.o)
    0x080002e0   0x080002e0   0x00000000   Code   RO         1804    .ARM.Collect$$libinit$$00000023  c_w.l(libinit2.o)
    0x080002e0   0x080002e0   0x00000000   Code   RO         1806    .ARM.Collect$$libinit$$00000025  c_w.l(libinit2.o)
    0x080002e0   0x080002e0   0x00000000   Code   RO         1808    .ARM.Collect$$libinit$$00000027  c_w.l(libinit2.o)
    0x080002e0   0x080002e0   0x00000000   Code   RO         1812    .ARM.Collect$$libinit$$0000002E  c_w.l(libinit2.o)
    0x080002e0   0x080002e0   0x00000000   Code   RO         1814    .ARM.Collect$$libinit$$00000030  c_w.l(libinit2.o)
    0x080002e0   0x080002e0   0x00000000   Code   RO         1816    .ARM.Collect$$libinit$$00000032  c_w.l(libinit2.o)
    0x080002e0   0x080002e0   0x00000000   Code   RO         1818    .ARM.Collect$$libinit$$00000034  c_w.l(libinit2.o)
    0x080002e0   0x080002e0   0x00000002   Code   RO         1819    .ARM.Collect$$libinit$$00000035  c_w.l(libinit2.o)
    0x080002e2   0x080002e2   0x00000002   Code   RO         2020    .ARM.Collect$$libshutdown$$00000000  c_w.l(libshutdown.o)
    0x080002e4   0x080002e4   0x00000000   Code   RO         1976    .ARM.Collect$$libshutdown$$00000002  c_w.l(libshutdown2.o)
    0x080002e4   0x080002e4   0x00000000   Code   RO         1978    .ARM.Collect$$libshutdown$$00000004  c_w.l(libshutdown2.o)
    0x080002e4   0x080002e4   0x00000000   Code   RO         1981    .ARM.Collect$$libshutdown$$00000007  c_w.l(libshutdown2.o)
    0x080002e4   0x080002e4   0x00000000   Code   RO         1984    .ARM.Collect$$libshutdown$$0000000A  c_w.l(libshutdown2.o)
    0x080002e4   0x080002e4   0x00000000   Code   RO         1986    .ARM.Collect$$libshutdown$$0000000C  c_w.l(libshutdown2.o)
    0x080002e4   0x080002e4   0x00000000   Code   RO         1989    .ARM.Collect$$libshutdown$$0000000F  c_w.l(libshutdown2.o)
    0x080002e4   0x080002e4   0x00000002   Code   RO         1990    .ARM.Collect$$libshutdown$$00000010  c_w.l(libshutdown2.o)
    0x080002e6   0x080002e6   0x00000000   Code   RO         1715    .ARM.Collect$$rtentry$$00000000  c_w.l(__rtentry.o)
    0x080002e6   0x080002e6   0x00000000   Code   RO         1837    .ARM.Collect$$rtentry$$00000002  c_w.l(__rtentry2.o)
    0x080002e6   0x080002e6   0x00000006   Code   RO         1849    .ARM.Collect$$rtentry$$00000004  c_w.l(__rtentry4.o)
    0x080002ec   0x080002ec   0x00000000   Code   RO         1839    .ARM.Collect$$rtentry$$00000009  c_w.l(__rtentry2.o)
    0x080002ec   0x080002ec   0x00000004   Code   RO         1840    .ARM.Collect$$rtentry$$0000000A  c_w.l(__rtentry2.o)
    0x080002f0   0x080002f0   0x00000000   Code   RO         1842    .ARM.Collect$$rtentry$$0000000C  c_w.l(__rtentry2.o)
    0x080002f0   0x080002f0   0x00000008   Code   RO         1843    .ARM.Collect$$rtentry$$0000000D  c_w.l(__rtentry2.o)
    0x080002f8   0x080002f8   0x00000002   Code   RO         1961    .ARM.Collect$$rtexit$$00000000  c_w.l(rtexit.o)
    0x080002fa   0x080002fa   0x00000000   Code   RO         1996    .ARM.Collect$$rtexit$$00000002  c_w.l(rtexit2.o)
    0x080002fa   0x080002fa   0x00000004   Code   RO         1997    .ARM.Collect$$rtexit$$00000003  c_w.l(rtexit2.o)
    0x080002fe   0x080002fe   0x00000006   Code   RO         1998    .ARM.Collect$$rtexit$$00000004  c_w.l(rtexit2.o)
    0x08000304   0x08000304   0x00000044   Code   RO            4    .text               startup_stm32l552xx.o
    0x08000348   0x08000348   0x0000005e   Code   RO         1589    .text               c_w.l(h1_alloc.o)
    0x080003a6   0x080003a6   0x000000f0   Code   RO         1643    .text               c_w.l(lludivv7m.o)
    0x08000496   0x08000496   0x00000002   PAD
    0x08000498   0x08000498   0x00000028   Code   RO         1647    .text               c_w.l(noretval__2sprintf.o)
    0x080004c0   0x080004c0   0x0000004e   Code   RO         1651    .text               c_w.l(_printf_pad.o)
    0x0800050e   0x0800050e   0x00000052   Code   RO         1653    .text               c_w.l(_printf_str.o)
    0x08000560   0x08000560   0x00000078   Code   RO         1655    .text               c_w.l(_printf_dec.o)
    0x080005d8   0x080005d8   0x0000010e   Code   RO         1665    .text               c_w.l(__printf_wp.o)
    0x080006e6   0x080006e6   0x0000001a   Code   RO         1683    .text               c_w.l(atoi.o)
    0x08000700   0x08000700   0x0000008a   Code   RO         1685    .text               c_w.l(rt_memcpy_v6.o)
    0x0800078a   0x0800078a   0x0000004e   Code   RO         1687    .text               c_w.l(rt_memclr_w.o)
    0x080007d8   0x080007d8   0x0000007c   Code   RO         1689    .text               c_w.l(strcmpv8m_maindsp.o)
    0x08000854   0x08000854   0x00000006   Code   RO         1691    .text               c_w.l(heapauxi.o)
    0x0800085a   0x0800085a   0x00000002   PAD
    0x0800085c   0x0800085c   0x00000008   Code   RO         1723    .text               c_w.l(rt_heap_descriptor_intlibspace.o)
    0x08000864   0x08000864   0x00000008   Code   RO         1728    .text               c_w.l(rt_errno_addr_intlibspace.o)
    0x0800086c   0x0800086c   0x00000004   Code   RO         1730    .text               c_w.l(hguard.o)
    0x08000870   0x08000870   0x0000008a   Code   RO         1732    .text               c_w.l(init_alloc.o)
    0x080008fa   0x080008fa   0x0000000c   Code   RO         1738    .text               c_w.l(h1_init.o)
    0x08000906   0x08000906   0x0000004e   Code   RO         1740    .text               c_w.l(h1_free.o)
    0x08000954   0x08000954   0x000000b2   Code   RO         1754    .text               c_w.l(_printf_intcommon.o)
    0x08000a06   0x08000a06   0x0000041c   Code   RO         1756    .text               c_w.l(_printf_fp_dec.o)
    0x08000e22   0x08000e22   0x00000002   PAD
    0x08000e24   0x08000e24   0x00000030   Code   RO         1760    .text               c_w.l(_printf_char_common.o)
    0x08000e54   0x08000e54   0x0000000a   Code   RO         1762    .text               c_w.l(_sputc.o)
    0x08000e5e   0x08000e5e   0x0000002c   Code   RO         1764    .text               c_w.l(_printf_char.o)
    0x08000e8a   0x08000e8a   0x00000070   Code   RO         1767    .text               c_w.l(strtol.o)
    0x08000efa   0x08000efa   0x00000064   Code   RO         1769    .text               c_w.l(rt_memcpy_w.o)
    0x08000f5e   0x08000f5e   0x00000002   PAD
    0x08000f60   0x08000f60   0x00000008   Code   RO         1833    .text               c_w.l(libspace.o)
    0x08000f68   0x08000f68   0x00000010   Code   RO         1851    .text               c_w.l(rt_ctype_table.o)
    0x08000f78   0x08000f78   0x00000008   Code   RO         1858    .text               c_w.l(rt_locale_intlibspace.o)
    0x08000f80   0x08000f80   0x00000000   Code   RO         1862    .text               c_w.l(maybetermalloc1.o)
    0x08000f80   0x08000f80   0x00000034   Code   RO         1864    .text               c_w.l(h1_extend.o)
    0x08000fb4   0x08000fb4   0x0000008a   Code   RO         1868    .text               c_w.l(lludiv10.o)
    0x0800103e   0x0800103e   0x00000002   PAD
    0x08001040   0x08001040   0x00000080   Code   RO         1870    .text               c_w.l(_printf_fp_infnan.o)
    0x080010c0   0x080010c0   0x0000009e   Code   RO         1874    .text               c_w.l(_strtoul.o)
    0x0800115e   0x0800115e   0x00000002   PAD
    0x08001160   0x08001160   0x000000e4   Code   RO         1876    .text               c_w.l(bigflt0.o)
    0x08001244   0x08001244   0x0000000e   Code   RO         1906    .text               c_w.l(defsig_rtmem_outer.o)
    0x08001252   0x08001252   0x00000002   Code   RO         1921    .text               c_w.l(use_no_semi.o)
    0x08001254   0x08001254   0x00000000   Code   RO         1923    .text               c_w.l(indicate_semi.o)
    0x08001254   0x08001254   0x0000004a   Code   RO         1924    .text               c_w.l(sys_stackheap_outer.o)
    0x0800129e   0x0800129e   0x0000001c   Code   RO         1930    .text               c_w.l(_chval.o)
    0x080012ba   0x080012ba   0x00000012   Code   RO         1937    .text               c_w.l(exit.o)
    0x080012cc   0x080012cc   0x0000000a   Code   RO         1939    .text               c_w.l(defsig_exit.o)
    0x080012d6   0x080012d6   0x00000002   PAD
    0x080012d8   0x080012d8   0x00000050   Code   RO         1945    .text               c_w.l(defsig_rtmem_inner.o)
    0x08001328   0x08001328   0x0000000c   Code   RO         1957    .text               c_w.l(sys_exit.o)
    0x08001334   0x08001334   0x00000032   Code   RO         1971    .text               c_w.l(defsig_general.o)
    0x08001366   0x08001366   0x0000000e   Code   RO         1991    .text               c_w.l(sys_wrch.o)
    0x08001374   0x08001374   0x00000002   Code   RO           58    .text.BusFault_Handler  stm32l5xx_it.o
    0x08001376   0x08001376   0x00000002   PAD
    0x08001378   0x08001378   0x00000002   Code   RO           64    .text.DebugMon_Handler  stm32l5xx_it.o
    0x0800137a   0x0800137a   0x00000002   PAD
    0x0800137c   0x0800137c   0x0000000a   Code   RO           23    .text.Error_Handler  main.o
    0x08001386   0x08001386   0x00000002   PAD
    0x08001388   0x08001388   0x00000016   Code   RO          129    .text.Func_1        dhrystone2.o
    0x0800139e   0x0800139e   0x00000002   PAD
    0x080013a0   0x080013a0   0x00000034   Code   RO          131    .text.Func_2        dhrystone2.o
    0x080013d4   0x080013d4   0x0000000a   Code   RO          123    .text.Func_3        dhrystone2.o
    0x080013de   0x080013de   0x00000002   PAD
    0x080013e0   0x080013e0   0x000001a6   Code   RO          664    .text.HAL_GPIO_Init  stm32l5xx_hal_gpio.o
    0x08001586   0x08001586   0x00000002   PAD
    0x08001588   0x08001588   0x0000000c   Code   RO          197    .text.HAL_GetTick   stm32l5xx_hal.o
    0x08001594   0x08001594   0x00000020   Code   RO          141    .text.HAL_ICACHE_ConfigAssociativityMode  stm32l5xx_hal_icache.o
    0x080015b4   0x080015b4   0x00000014   Code   RO          153    .text.HAL_ICACHE_Enable  stm32l5xx_hal_icache.o
    0x080015c8   0x080015c8   0x0000001a   Code   RO          195    .text.HAL_IncTick   stm32l5xx_hal.o
    0x080015e2   0x080015e2   0x00000002   PAD
    0x080015e4   0x080015e4   0x00000022   Code   RO          185    .text.HAL_Init      stm32l5xx_hal.o
    0x08001606   0x08001606   0x00000002   PAD
    0x08001608   0x08001608   0x0000004e   Code   RO          187    .text.HAL_InitTick  stm32l5xx_hal.o
    0x08001656   0x08001656   0x00000002   PAD
    0x08001658   0x08001658   0x00000034   Code   RO           77    .text.HAL_MspInit   stm32l5xx_hal_msp.o
    0x0800168c   0x0800168c   0x00000020   Code   RO          948    .text.HAL_NVIC_SetPriority  stm32l5xx_hal_cortex.o
    0x080016ac   0x080016ac   0x00000004   Code   RO          944    .text.HAL_NVIC_SetPriorityGrouping  stm32l5xx_hal_cortex.o
    0x080016b0   0x080016b0   0x00000098   Code   RO          834    .text.HAL_PWREx_ControlVoltageScaling  stm32l5xx_hal_pwr_ex.o
    0x08001748   0x08001748   0x00000012   Code   RO          914    .text.HAL_PWREx_DisableUCPDDeadBattery  stm32l5xx_hal_pwr_ex.o
    0x0800175a   0x0800175a   0x00000002   PAD
    0x0800175c   0x0800175c   0x00000012   Code   RO          846    .text.HAL_PWREx_EnableVddIO2  stm32l5xx_hal_pwr_ex.o
    0x0800176e   0x0800176e   0x00000002   PAD
    0x08001770   0x08001770   0x00000010   Code   RO          832    .text.HAL_PWREx_GetVoltageRange  stm32l5xx_hal_pwr_ex.o
    0x08001780   0x08001780   0x0000001c   Code   RO          836    .text.HAL_PWREx_SMPS_GetEffectiveMode  stm32l5xx_hal_pwr_ex.o
    0x0800179c   0x0800179c   0x000004d0   Code   RO          499    .text.HAL_RCCEx_PeriphCLKConfig  stm32l5xx_hal_rcc_ex.o
    0x08001c6c   0x08001c6c   0x00000200   Code   RO          463    .text.HAL_RCC_ClockConfig  stm32l5xx_hal_rcc.o
    0x08001e6c   0x08001e6c   0x00000022   Code   RO          461    .text.HAL_RCC_GetHCLKFreq  stm32l5xx_hal_rcc.o
    0x08001e8e   0x08001e8e   0x00000002   PAD
    0x08001e90   0x08001e90   0x00000022   Code   RO          471    .text.HAL_RCC_GetPCLK1Freq  stm32l5xx_hal_rcc.o
    0x08001eb2   0x08001eb2   0x00000002   PAD
    0x08001eb4   0x08001eb4   0x00000022   Code   RO          473    .text.HAL_RCC_GetPCLK2Freq  stm32l5xx_hal_rcc.o
    0x08001ed6   0x08001ed6   0x00000002   PAD
    0x08001ed8   0x08001ed8   0x000000a6   Code   RO          467    .text.HAL_RCC_GetSysClockFreq  stm32l5xx_hal_rcc.o
    0x08001f7e   0x08001f7e   0x00000002   PAD
    0x08001f80   0x08001f80   0x00000784   Code   RO          457    .text.HAL_RCC_OscConfig  stm32l5xx_hal_rcc.o
    0x08002704   0x08002704   0x00000004   Code   RO          968    .text.HAL_SYSTICK_Config  stm32l5xx_hal_cortex.o
    0x08002708   0x08002708   0x000000c2   Code   RO         1536    .text.HAL_TIMEx_MasterConfigSynchronization  stm32l5xx_hal_tim_ex.o
    0x080027ca   0x080027ca   0x00000002   PAD
    0x080027cc   0x080027cc   0x00000062   Code   RO         1217    .text.HAL_TIM_Base_Init  stm32l5xx_hal_tim.o
    0x0800282e   0x0800282e   0x00000002   PAD
    0x08002830   0x08002830   0x00000030   Code   RO           83    .text.HAL_TIM_Base_MspInit  stm32l5xx_hal_msp.o
    0x08002860   0x08002860   0x000000a0   Code   RO         1227    .text.HAL_TIM_Base_Start  stm32l5xx_hal_tim.o
    0x08002900   0x08002900   0x00000034   Code   RO         1229    .text.HAL_TIM_Base_Stop  stm32l5xx_hal_tim.o
    0x08002934   0x08002934   0x000000e4   Code   RO         1413    .text.HAL_TIM_ConfigClockSource  stm32l5xx_hal_tim.o
    0x08002a18   0x08002a18   0x00000060   Code   RO         1363    .text.HAL_TIM_OC_ConfigChannel  stm32l5xx_hal_tim.o
    0x08002a78   0x08002a78   0x00000062   Code   RO         1245    .text.HAL_TIM_OC_Init  stm32l5xx_hal_tim.o
    0x08002ada   0x08002ada   0x00000002   PAD
    0x08002adc   0x08002adc   0x00000002   Code   RO         1247    .text.HAL_TIM_OC_MspInit  stm32l5xx_hal_tim.o
    0x08002ade   0x08002ade   0x00000002   PAD
    0x08002ae0   0x08002ae0   0x00000036   Code   RO         1194    .text.HAL_UARTEx_DisableFifoMode  stm32l5xx_hal_uart_ex.o
    0x08002b16   0x08002b16   0x00000002   PAD
    0x08002b18   0x08002b18   0x0000004a   Code   RO         1198    .text.HAL_UARTEx_SetRxFifoThreshold  stm32l5xx_hal_uart_ex.o
    0x08002b62   0x08002b62   0x00000002   PAD
    0x08002b64   0x08002b64   0x0000004a   Code   RO         1196    .text.HAL_UARTEx_SetTxFifoThreshold  stm32l5xx_hal_uart_ex.o
    0x08002bae   0x08002bae   0x00000002   PAD
    0x08002bb0   0x08002bb0   0x00000064   Code   RO         1022    .text.HAL_UART_Init  stm32l5xx_hal_uart.o
    0x08002c14   0x08002c14   0x0000008c   Code   RO           79    .text.HAL_UART_MspInit  stm32l5xx_hal_msp.o
    0x08002ca0   0x08002ca0   0x000000e6   Code   RO         1046    .text.HAL_UART_Receive  stm32l5xx_hal_uart.o
    0x08002d86   0x08002d86   0x00000002   PAD
    0x08002d88   0x08002d88   0x000000d6   Code   RO         1042    .text.HAL_UART_Transmit  stm32l5xx_hal_uart.o
    0x08002e5e   0x08002e5e   0x00000002   PAD
    0x08002e60   0x08002e60   0x00000002   Code   RO           54    .text.HardFault_Handler  stm32l5xx_it.o
    0x08002e62   0x08002e62   0x00000002   PAD
    0x08002e64   0x08002e64   0x00000022   Code   RO           15    .text.MX_GPIO_Init  main.o
    0x08002e86   0x08002e86   0x00000002   PAD
    0x08002e88   0x08002e88   0x00000018   Code   RO           17    .text.MX_ICACHE_Init  main.o
    0x08002ea0   0x08002ea0   0x0000006e   Code   RO           19    .text.MX_LPUART1_UART_Init  main.o
    0x08002f0e   0x08002f0e   0x00000002   PAD
    0x08002f10   0x08002f10   0x0000009a   Code   RO           21    .text.MX_TIM5_Init  main.o
    0x08002faa   0x08002faa   0x00000002   PAD
    0x08002fac   0x08002fac   0x00000002   Code   RO           56    .text.MemManage_Handler  stm32l5xx_it.o
    0x08002fae   0x08002fae   0x00000002   PAD
    0x08002fb0   0x08002fb0   0x00000002   Code   RO           52    .text.NMI_Handler   stm32l5xx_it.o
    0x08002fb2   0x08002fb2   0x00000002   PAD
    0x08002fb4   0x08002fb4   0x0000002c   Code   RO          954    .text.NVIC_EncodePriority  stm32l5xx_hal_cortex.o
    0x08002fe0   0x08002fe0   0x00000002   Code   RO           66    .text.PendSV_Handler  stm32l5xx_it.o
    0x08002fe2   0x08002fe2   0x00000002   PAD
    0x08002fe4   0x08002fe4   0x000000a4   Code   RO           97    .text.Proc_1        dhrystone.o
    0x08003088   0x08003088   0x0000001c   Code   RO           99    .text.Proc_2        dhrystone.o
    0x080030a4   0x080030a4   0x0000002e   Code   RO          101    .text.Proc_3        dhrystone.o
    0x080030d2   0x080030d2   0x00000002   PAD
    0x080030d4   0x080030d4   0x0000001c   Code   RO          103    .text.Proc_4        dhrystone.o
    0x080030f0   0x080030f0   0x00000012   Code   RO          105    .text.Proc_5        dhrystone.o
    0x08003102   0x08003102   0x00000002   PAD
    0x08003104   0x08003104   0x00000046   Code   RO          121    .text.Proc_6        dhrystone2.o
    0x0800314a   0x0800314a   0x00000002   PAD
    0x0800314c   0x0800314c   0x00000008   Code   RO          125    .text.Proc_7        dhrystone2.o
    0x08003154   0x08003154   0x00000052   Code   RO          127    .text.Proc_8        dhrystone2.o
    0x080031a6   0x080031a6   0x00000002   PAD
    0x080031a8   0x080031a8   0x00000136   Code   RO          501    .text.RCCEx_PLLSAI1_Config  stm32l5xx_hal_rcc_ex.o
    0x080032de   0x080032de   0x00000002   PAD
    0x080032e0   0x080032e0   0x000000c0   Code   RO          503    .text.RCCEx_PLLSAI2_Config  stm32l5xx_hal_rcc_ex.o
    0x080033a0   0x080033a0   0x00000078   Code   RO          465    .text.RCC_GetSysClockFreqFromPLLSource  stm32l5xx_hal_rcc.o
    0x08003418   0x08003418   0x00000098   Code   RO          459    .text.RCC_SetFlashLatencyFromMSIRange  stm32l5xx_hal_rcc.o
    0x080034b0   0x080034b0   0x00000002   Code   RO           62    .text.SVC_Handler   stm32l5xx_it.o
    0x080034b2   0x080034b2   0x00000002   PAD
    0x080034b4   0x080034b4   0x00000034   Code   RO           27    .text.Serial_GetString  main.o
    0x080034e8   0x080034e8   0x00000040   Code   RO           25    .text.Serial_PutString  main.o
    0x08003528   0x08003528   0x0000002e   Code   RO          970    .text.SysTick_Config  stm32l5xx_hal_cortex.o
    0x08003556   0x08003556   0x00000002   PAD
    0x08003558   0x08003558   0x00000004   Code   RO           68    .text.SysTick_Handler  stm32l5xx_it.o
    0x0800355c   0x0800355c   0x00000066   Code   RO           13    .text.SystemClock_Config  main.o
    0x080035c2   0x080035c2   0x00000002   PAD
    0x080035c4   0x080035c4   0x000000a6   Code   RO         1572    .text.SystemCoreClockUpdate  system_stm32l5xx.o
    0x0800366a   0x0800366a   0x00000002   PAD
    0x0800366c   0x0800366c   0x00000012   Code   RO         1570    .text.SystemInit    system_stm32l5xx.o
    0x0800367e   0x0800367e   0x00000002   PAD
    0x08003680   0x08003680   0x00000148   Code   RO         1221    .text.TIM_Base_SetConfig  stm32l5xx_hal_tim.o
    0x080037c8   0x080037c8   0x00000014   Code   RO         1411    .text.TIM_ETR_SetConfig  stm32l5xx_hal_tim.o
    0x080037dc   0x080037dc   0x00000016   Code   RO         1417    .text.TIM_ITRx_SetConfig  stm32l5xx_hal_tim.o
    0x080037f2   0x080037f2   0x00000002   PAD
    0x080037f4   0x080037f4   0x00000080   Code   RO         1365    .text.TIM_OC1_SetConfig  stm32l5xx_hal_tim.o
    0x08003874   0x08003874   0x00000090   Code   RO         1367    .text.TIM_OC2_SetConfig  stm32l5xx_hal_tim.o
    0x08003904   0x08003904   0x00000090   Code   RO         1369    .text.TIM_OC3_SetConfig  stm32l5xx_hal_tim.o
    0x08003994   0x08003994   0x00000062   Code   RO         1371    .text.TIM_OC4_SetConfig  stm32l5xx_hal_tim.o
    0x080039f6   0x080039f6   0x00000002   PAD
    0x080039f8   0x080039f8   0x00000062   Code   RO         1373    .text.TIM_OC5_SetConfig  stm32l5xx_hal_tim.o
    0x08003a5a   0x08003a5a   0x00000002   PAD
    0x08003a5c   0x08003a5c   0x00000062   Code   RO         1375    .text.TIM_OC6_SetConfig  stm32l5xx_hal_tim.o
    0x08003abe   0x08003abe   0x00000002   PAD
    0x08003ac0   0x08003ac0   0x00000022   Code   RO         1415    .text.TIM_TI1_ConfigInputStage  stm32l5xx_hal_tim.o
    0x08003ae2   0x08003ae2   0x00000002   PAD
    0x08003ae4   0x08003ae4   0x00000024   Code   RO         1419    .text.TIM_TI2_ConfigInputStage  stm32l5xx_hal_tim.o
    0x08003b08   0x08003b08   0x0000005a   Code   RO         1192    .text.UARTEx_SetNbDataToProcess  stm32l5xx_hal_uart_ex.o
    0x08003b62   0x08003b62   0x00000002   PAD
    0x08003b64   0x08003b64   0x000000ea   Code   RO         1028    .text.UART_AdvFeatureConfig  stm32l5xx_hal_uart.o
    0x08003c4e   0x08003c4e   0x00000002   PAD
    0x08003c50   0x08003c50   0x0000016e   Code   RO         1030    .text.UART_CheckIdleState  stm32l5xx_hal_uart.o
    0x08003dbe   0x08003dbe   0x00000002   PAD
    0x08003dc0   0x08003dc0   0x000000fc   Code   RO         1082    .text.UART_EndRxTransfer  stm32l5xx_hal_uart.o
    0x08003ebc   0x08003ebc   0x000002bc   Code   RO         1026    .text.UART_SetConfig  stm32l5xx_hal_uart.o
    0x08004178   0x08004178   0x000000f2   Code   RO         1044    .text.UART_WaitOnFlagUntilTimeout  stm32l5xx_hal_uart.o
    0x0800426a   0x0800426a   0x00000002   PAD
    0x0800426c   0x0800426c   0x00000002   Code   RO           60    .text.UsageFault_Handler  stm32l5xx_it.o
    0x0800426e   0x0800426e   0x00000002   PAD
    0x08004270   0x08004270   0x00000010   Code   RO          950    .text.__NVIC_GetPriorityGrouping  stm32l5xx_hal_cortex.o
    0x08004280   0x08004280   0x00000022   Code   RO          952    .text.__NVIC_SetPriority  stm32l5xx_hal_cortex.o
    0x080042a2   0x080042a2   0x00000002   PAD
    0x080042a4   0x080042a4   0x00000020   Code   RO          946    .text.__NVIC_SetPriorityGrouping  stm32l5xx_hal_cortex.o
    0x080042c4   0x080042c4   0x0000001e   Code   RO           11    .text.main          main.o
    0x080042e2   0x080042e2   0x00000002   PAD
    0x080042e4   0x080042e4   0x0000001e   Code   RO           35    .text.startTimer    main.o
    0x08004302   0x08004302   0x00000006   PAD
    0x08004308   0x08004308   0x0000084c   Code   RO           95    .text.start_Test    dhrystone.o
    0x08004b54   0x08004b54   0x0000001a   Code   RO           37    .text.stopTimer     main.o
    0x08004b6e   0x08004b6e   0x0000003e   Code   RO         1879    CL$$btod_d2e        c_w.l(btod.o)
    0x08004bac   0x08004bac   0x00000046   Code   RO         1881    CL$$btod_d2e_denorm_low  c_w.l(btod.o)
    0x08004bf2   0x08004bf2   0x00000060   Code   RO         1880    CL$$btod_d2e_norm_op1  c_w.l(btod.o)
    0x08004c52   0x08004c52   0x00000002   PAD
    0x08004c54   0x08004c54   0x00000338   Code   RO         1889    CL$$btod_div_common  c_w.l(btod.o)
    0x08004f8c   0x08004f8c   0x000000dc   Code   RO         1886    CL$$btod_e2e        c_w.l(btod.o)
    0x08005068   0x08005068   0x0000002a   Code   RO         1883    CL$$btod_ediv       c_w.l(btod.o)
    0x08005092   0x08005092   0x0000002a   Code   RO         1882    CL$$btod_emul       c_w.l(btod.o)
    0x080050bc   0x080050bc   0x00000244   Code   RO         1888    CL$$btod_mult_common  c_w.l(btod.o)
    0x08005300   0x08005300   0x00000030   Code   RO         1919    i.__ARM_fpclassify  m_wm.l(fpclassify.o)
    0x08005330   0x08005330   0x0000000e   Code   RO         1667    i._is_digit         c_w.l(__printf_wp.o)
    0x0800533e   0x0800533e   0x00000002   PAD
    0x08005340   0x08005340   0x0000002c   Code   RO         1904    locale$$code        c_w.l(lc_numeric_c.o)
    0x0800536c   0x0800536c   0x0000002c   Code   RO         1935    locale$$code        c_w.l(lc_ctype_c.o)
    0x08005398   0x08005398   0x00000062   Code   RO         1695    x$fpl$d2f           fz_wm.l(d2f.o)
    0x080053fa   0x080053fa   0x00000002   PAD
    0x080053fc   0x080053fc   0x000002b4   Code   RO         1698    x$fpl$ddiv          fz_wm.l(ddiv.o)
    0x080056b0   0x080056b0   0x00000026   Code   RO         1701    x$fpl$dfltu         fz_wm.l(dflt_clz.o)
    0x080056d6   0x080056d6   0x00000002   PAD
    0x080056d8   0x080056d8   0x00000154   Code   RO         1707    x$fpl$dmul          fz_wm.l(dmul.o)
    0x0800582c   0x0800582c   0x0000009c   Code   RO         1820    x$fpl$dnaninf       fz_wm.l(dnaninf.o)
    0x080058c8   0x080058c8   0x0000000c   Code   RO         1822    x$fpl$dretinf       fz_wm.l(dretinf.o)
    0x080058d4   0x080058d4   0x00000056   Code   RO         1709    x$fpl$f2d           fz_wm.l(f2d.o)
    0x0800592a   0x0800592a   0x0000008c   Code   RO         1824    x$fpl$fnaninf       fz_wm.l(fnaninf.o)
    0x080059b6   0x080059b6   0x0000001a   Code   RO         1915    x$fpl$fpinit        fz_wm.l(fpinit.o)
    0x080059d0   0x080059d0   0x0000000a   Code   RO         1826    x$fpl$fretinf       fz_wm.l(fretinf.o)
    0x080059da   0x080059da   0x00000004   Code   RO         1711    x$fpl$printf1       fz_wm.l(printf1.o)
    0x080059de   0x080059de   0x00000000   Code   RO         1828    x$fpl$usenofp       fz_wm.l(usenofp.o)
    0x080059de   0x080059de   0x00000002   PAD
    0x080059e0   0x080059e0   0x00000094   Data   RO         1877    .constdata          c_w.l(bigflt0.o)
    0x08005a74   0x08005a74   0x00000010   Data   RO         1575    .rodata.AHBPrescTable  system_stm32l5xx.o
    0x08005a84   0x08005a84   0x00000008   Data   RO         1576    .rodata.APBPrescTable  system_stm32l5xx.o
    0x08005a8c   0x08005a8c   0x00000040   Data   RO         1577    .rodata.MSIRangeTable  system_stm32l5xx.o
    0x08005acc   0x08005acc   0x00000018   Data   RO         1162    .rodata.UARTPrescTable  stm32l5xx_hal_uart.o
    0x08005ae4   0x08005ae4   0x00000010   Data   RO         1163    .rodata.cst16       stm32l5xx_hal_uart.o
    0x08005af4   0x08005af4   0x00000020   Data   RO          111    .rodata.cst32       dhrystone.o
    0x08005b14   0x08005b14   0x00000010   Data   RO         1208    .rodata.cst8        stm32l5xx_hal_uart_ex.o
    0x08005b24   0x08005b24   0x000005ce   Data   RO          109    .rodata.str1.1      dhrystone.o
    0x080060f2   0x080060f2   0x00000002   PAD
    0x080060f4   0x080060f4   0x00000073   Data   RO          107    .rodata.str1.4      dhrystone.o
    0x08006167   0x08006167   0x00000001   PAD
    0x08006168   0x08006168   0x00000020   Data   RO         2022    Region$$Table       anon$$obj.o
    0x08006188   0x08006188   0x0000001c   Data   RO         1903    locale$$data        c_w.l(lc_numeric_c.o)
    0x080061a4   0x080061a4   0x00000110   Data   RO         1934    locale$$data        c_w.l(lc_ctype_c.o)


    Execution Region RW_IRAM1 (Exec base: 0x20000000, Load base: 0x080062b8, Size: 0x00002f68, Max: 0x00030000, ABSOLUTE)

    Exec Addr    Load Addr    Size         Type   Attr      Idx    E Section Name        Object

    0x20000000   0x080062b8   0x00000008   Data   RW          256    .data..L_MergedGlobals  stm32l5xx_hal.o
    0x20000008   0x080062c0   0x00000004   Data   RW         1574    .data.SystemCoreClock  system_stm32l5xx.o
    0x2000000c   0x080062c4   0x00000004   PAD
    0x20000010        -       0x00000060   Zero   RW         1834    .bss                c_w.l(libspace.o)
    0x20000070        -       0x0000002c   Zero   RW          112    .bss..L_MergedGlobals  dhrystone.o
    0x2000009c        -       0x000000c8   Zero   RW          110    .bss.Arr_1_Glob     dhrystone.o
    0x20000164        -       0x00002710   Zero   RW          108    .bss.Arr_2_Glob     dhrystone.o
    0x20002874        -       0x00000094   Zero   RW           39    .bss.hlpuart1       main.o
    0x20002908        -       0x0000004c   Zero   RW           41    .bss.htim5          main.o
    0x20002954        -       0x0000000f   Zero   RW           40    .bss.receive        main.o
    0x20002963   0x080062c4   0x00000001   PAD
    0x20002964        -       0x00000004   Zero   RW          255    .bss.uwTick         stm32l5xx_hal.o
    0x20002968        -       0x00000200   Zero   RW            2    HEAP                startup_stm32l552xx.o
    0x20002b68        -       0x00000400   Zero   RW            1    STACK               startup_stm32l552xx.o


==============================================================================

Image component sizes


      Code (inc. data)   RO Data    RW Data    ZI Data      Debug   Object Name

      2408        148       1633          0      10244       5240   dhrystone.o
       244          8          0          0          0       2619   dhrystone2.o
       636          0          0          0        239      12756   main.o
        68         28        500          0       1536        972   startup_stm32l552xx.o
       150          0          0          8          4       9980   stm32l5xx_hal.o
       212          0          0          0          0      12018   stm32l5xx_hal_cortex.o
       422          0          0          0          0       4777   stm32l5xx_hal_gpio.o
        52          0          0          0          0       5029   stm32l5xx_hal_icache.o
       240          0          0          0          0      10104   stm32l5xx_hal_msp.o
       232          0          0          0          0      12439   stm32l5xx_hal_pwr_ex.o
      2976          0          0          0          0      13027   stm32l5xx_hal_rcc.o
      1734         16          0          0          0      18998   stm32l5xx_hal_rcc_ex.o
      1884          6          0          0          0      49726   stm32l5xx_hal_tim.o
       194          0          0          0          0      22416   stm32l5xx_hal_tim_ex.o
      2338         48         40          0          0      39013   stm32l5xx_hal_uart.o
       292          0         16          0          0      10929   stm32l5xx_hal_uart_ex.o
        20          0          0          0          0       1157   stm32l5xx_it.o
       184          6         88          4          0       3742   system_stm32l5xx.o

    ----------------------------------------------------------------------
     14398        260       2312         12      12028     234942   Object Totals
         0          0         32          0          0          0   (incl. Generated)
       112          0          3          0          5          0   (incl. Padding)

    ----------------------------------------------------------------------

      Code (inc. data)   RO Data    RW Data    ZI Data      Debug   Library Member Name

         8          0          0          0          0         68   __main.o
       284          0          0          0          0        156   __printf_wp.o
         0          0          0          0          0          0   __rtentry.o
        12          0          0          0          0          0   __rtentry2.o
         6          0          0          0          0          0   __rtentry4.o
        94          8          0          0          0          0   __scatter.o
        26          0          0          0          0          0   __scatter_copy.o
        28          0          0          0          0          0   __scatter_zi.o
        28          0          0          0          0         68   _chval.o
         6          0          0          0          0          0   _printf_c.o
        44          0          0          0          0        108   _printf_char.o
        48          6          0          0          0         96   _printf_char_common.o
         6          0          0          0          0          0   _printf_d.o
       120         16          0          0          0         92   _printf_dec.o
         6          0          0          0          0          0   _printf_f.o
      1052          0          0          0          0        148   _printf_fp_dec.o
       128         16          0          0          0         84   _printf_fp_infnan.o
       178          0          0          0          0         88   _printf_intcommon.o
        78          0          0          0          0        108   _printf_pad.o
         0          0          0          0          0          0   _printf_percent.o
         4          0          0          0          0          0   _printf_percent_end.o
         6          0          0          0          0          0   _printf_s.o
        82          0          0          0          0         80   _printf_str.o
         6          0          0          0          0          0   _printf_u.o
        10          0          0          0          0         68   _sputc.o
       158          0          0          0          0         92   _strtoul.o
        26          0          0          0          0         80   atoi.o
       228          4        148          0          0         96   bigflt0.o
      1936        128          0          0          0        668   btod.o
        10          0          0          0          0         68   defsig_exit.o
        50          0          0          0          0         88   defsig_general.o
        80         58          0          0          0         76   defsig_rtmem_inner.o
        14          0          0          0          0         80   defsig_rtmem_outer.o
        18          0          0          0          0         80   exit.o
        94          0          0          0          0         80   h1_alloc.o
        52          0          0          0          0         68   h1_extend.o
        78          0          0          0          0         80   h1_free.o
        12          0          0          0          0         84   h1_init.o
         6          0          0          0          0        152   heapauxi.o
         4          0          0          0          0        136   hguard.o
         0          0          0          0          0          0   indicate_semi.o
       138          0          0          0          0        168   init_alloc.o
        44         10        272          0          0         76   lc_ctype_c.o
        44         10         28          0          0         76   lc_numeric_c.o
         2          0          0          0          0          0   libinit.o
        42          0          0          0          0          0   libinit2.o
         2          0          0          0          0          0   libshutdown.o
         2          0          0          0          0          0   libshutdown2.o
         8          4          0          0         96         68   libspace.o
       138          0          0          0          0         80   lludiv10.o
       240          0          0          0          0        100   lludivv7m.o
         0          0          0          0          0          0   maybetermalloc1.o
        40          6          0          0          0         84   noretval__2sprintf.o
        16          4          0          0          0         76   rt_ctype_table.o
         8          4          0          0          0         68   rt_errno_addr_intlibspace.o
         8          4          0          0          0         68   rt_heap_descriptor_intlibspace.o
         8          4          0          0          0         68   rt_locale_intlibspace.o
        78          0          0          0          0         80   rt_memclr_w.o
       138          0          0          0          0         68   rt_memcpy_v6.o
       100          0          0          0          0         80   rt_memcpy_w.o
         2          0          0          0          0          0   rtexit.o
        10          0          0          0          0          0   rtexit2.o
       124          0          0          0          0         88   strcmpv8m_maindsp.o
       112          0          0          0          0         88   strtol.o
        12          4          0          0          0         68   sys_exit.o
        74          0          0          0          0         80   sys_stackheap_outer.o
        14          0          0          0          0         76   sys_wrch.o
         2          0          0          0          0         68   use_no_semi.o
        98          4          0          0          0        140   d2f.o
       692        140          0          0          0        264   ddiv.o
        38          0          0          0          0        116   dflt_clz.o
       340         12          0          0          0        152   dmul.o
       156          4          0          0          0        140   dnaninf.o
        12          0          0          0          0        116   dretinf.o
        86          4          0          0          0        132   f2d.o
       140          4          0          0          0        132   fnaninf.o
        26          0          0          0          0        116   fpinit.o
        10          0          0          0          0        116   fretinf.o
         4          0          0          0          0        116   printf1.o
         0          0          0          0          0          0   usenofp.o
        48          0          0          0          0        124   fpclassify.o

    ----------------------------------------------------------------------
      8110        454        448          0         96       6384   Library Totals
        28          0          0          0          0          0   (incl. Padding)

    ----------------------------------------------------------------------

      Code (inc. data)   RO Data    RW Data    ZI Data      Debug   Library Name

      6432        286        448          0         96       4720   c_w.l
      1602        168          0          0          0       1540   fz_wm.l
        48          0          0          0          0        124   m_wm.l

    ----------------------------------------------------------------------
      8110        454        448          0         96       6384   Library Totals

    ----------------------------------------------------------------------

==============================================================================


      Code (inc. data)   RO Data    RW Data    ZI Data      Debug   

     22508        714       2760         12      12124     237370   Grand Totals
     22508        714       2760         12      12124     237370   ELF Image Totals
     22508        714       2760         12          0          0   ROM Totals

==============================================================================

    Total RO  Size (Code + RO Data)                25268 (  24.68kB)
    Total RW  Size (RW Data + ZI Data)             12136 (  11.85kB)
    Total ROM Size (Code + RO Data + RW Data)      25280 (  24.69kB)

==============================================================================

